Section: start (main.o) load at 0000, length 0023
Section: code (crt.vec_o) load at 0023, length 0056
Section: code (addDWordDWord.vec_o) load at 0079, length 0017
Section: code (addDWordInt.vec_o) load at 0090, length 001B
Section: code (cmpDWordDWord.vec_o) load at 00AB, length 003F
Section: code (cmpDWordSignedInt.vec_o) load at 00EA, length 001A
Section: code (copyDWord.vec_o) load at 0104, length 000E
Section: code (copyDWordFromXToD.vec_o) load at 0112, length 000E
Section: code (copyMem.vec_o) load at 0120, length 0017
Section: code (DIV16.vec_o) load at 0137, length 002A
Section: code (initByteFromDWord.vec_o) load at 0161, length 000A
Section: code (initDWordFromSignedWord.vec_o) load at 016B, length 000A
Section: code (initDWordFromUnsignedWord.vec_o) load at 0175, length 0007
Section: code (initWordFromDWord.vec_o) load at 017C, length 000A
Section: code (leftShiftDWord.vec_o) load at 0186, length 0023
Section: code (leftShiftDWordAtXByB.vec_o) load at 01A9, length 0028
Section: code (MUL16.vec_o) load at 01D1, length 0018
Section: code (MUL16BY10.vec_o) load at 01E9, length 000B
Section: code (MUL32.vec_o) load at 01F4, length 0069
Section: code (mulDWordDWord.vec_o) load at 025D, length 001B
Section: code (mulDWordInt.vec_o) load at 0278, length 0026
Section: code (negateDWord.vec_o) load at 029E, length 0018
Section: code (push4ByteStruct.vec_o) load at 02B6, length 0009
Section: code (pushSmallStruct.vec_o) load at 02BF, length 000D
Section: code (rightShiftDWord.vec_o) load at 02CC, length 002D
Section: code (rightShiftDWordAtXByB.vec_o) load at 02F9, length 0044
Section: code (SDIV16.vec_o) load at 033D, length 0041
Section: code (subDWordDWord.vec_o) load at 037E, length 0017
Section: code (subDWordInt.vec_o) load at 0395, length 001B
Section: code (vectrex_bios.vec_o) load at 03B0, length 0288
Section: code (main.o) load at 0638, length 158C
Section: code (terminal.o) load at 1BC4, length 00DC
Section: code (mul.o) load at 1CA0, length 0006
Section: constructors_start (crt.vec_o) load at 1CA6, length 0000
Section: constructors_end (crt.vec_o) load at 1CA6, length 0001
Section: destructors_start (crt.vec_o) load at 1CA7, length 0000
Section: destructors_end (crt.vec_o) load at 1CA7, length 0001
Section: initgl_start (main.o) load at 1CA8, length 0000
Section: initgl (vectrex_bios.vec_o) load at 1CA8, length 0000
Section: initgl (main.o) load at 1CA8, length 0000
Section: initgl (terminal.o) load at 1CA8, length 0000
Section: initgl_end (main.o) load at 1CA8, length 0001
Section: rodata (vectrex_bios.vec_o) load at 1CA9, length 0000
Section: rodata (main.o) load at 1CA9, length 1060
Section: rodata (terminal.o) load at 2D09, length 0000
Section: rwdata (vectrex_bios.vec_o) load at C880, length 0000
Section: rwdata (main.o) load at C880, length 0023
Section: rwdata (terminal.o) load at C8A3, length 0002
Section: bss (crt.vec_o) load at C8A5, length 000F
Section: bss (vectrex_bios.vec_o) load at C8B4, length 0000
Section: bss (main.o) load at C8B4, length 0012
Section: bss (terminal.o) load at C8C6, length 0014
Section: program_end (main.o) load at C8DA, length 0000
Symbol: \02bss (crt.vec_o) = C8A5
Symbol: \02bss (main.o) = C8B4
Symbol: \02bss (terminal.o) = C8C6
Symbol: \02bss (vectrex_bios.vec_o) = C8B4
Symbol: \02code (DIV16.vec_o) = 0137
Symbol: \02code (MUL16.vec_o) = 01D1
Symbol: \02code (MUL16BY10.vec_o) = 01E9
Symbol: \02code (MUL32.vec_o) = 01F4
Symbol: \02code (SDIV16.vec_o) = 033D
Symbol: \02code (addDWordDWord.vec_o) = 0079
Symbol: \02code (addDWordInt.vec_o) = 0090
Symbol: \02code (cmpDWordDWord.vec_o) = 00AB
Symbol: \02code (cmpDWordSignedInt.vec_o) = 00EA
Symbol: \02code (copyDWord.vec_o) = 0104
Symbol: \02code (copyDWordFromXToD.vec_o) = 0112
Symbol: \02code (copyMem.vec_o) = 0120
Symbol: \02code (crt.vec_o) = 0023
Symbol: \02code (initByteFromDWord.vec_o) = 0161
Symbol: \02code (initDWordFromSignedWord.vec_o) = 016B
Symbol: \02code (initDWordFromUnsignedWord.vec_o) = 0175
Symbol: \02code (initWordFromDWord.vec_o) = 017C
Symbol: \02code (leftShiftDWord.vec_o) = 0186
Symbol: \02code (leftShiftDWordAtXByB.vec_o) = 01A9
Symbol: \02code (main.o) = 0638
Symbol: \02code (mul.o) = 1CA0
Symbol: \02code (mulDWordDWord.vec_o) = 025D
Symbol: \02code (mulDWordInt.vec_o) = 0278
Symbol: \02code (negateDWord.vec_o) = 029E
Symbol: \02code (push4ByteStruct.vec_o) = 02B6
Symbol: \02code (pushSmallStruct.vec_o) = 02BF
Symbol: \02code (rightShiftDWord.vec_o) = 02CC
Symbol: \02code (rightShiftDWordAtXByB.vec_o) = 02F9
Symbol: \02code (subDWordDWord.vec_o) = 037E
Symbol: \02code (subDWordInt.vec_o) = 0395
Symbol: \02code (terminal.o) = 1BC4
Symbol: \02code (vectrex_bios.vec_o) = 03B0
Symbol: \02constructors_end (crt.vec_o) = 1CA6
Symbol: \02constructors_start (crt.vec_o) = 1CA6
Symbol: \02destructors_end (crt.vec_o) = 1CA7
Symbol: \02destructors_start (crt.vec_o) = 1CA7
Symbol: \02initgl (main.o) = 1CA8
Symbol: \02initgl (terminal.o) = 1CA8
Symbol: \02initgl (vectrex_bios.vec_o) = 1CA8
Symbol: \02initgl_end (main.o) = 1CA8
Symbol: \02initgl_start (main.o) = 1CA8
Symbol: \02program_end (main.o) = C8DA
Symbol: \02rodata (main.o) = 1CA9
Symbol: \02rodata (terminal.o) = 2D09
Symbol: \02rodata (vectrex_bios.vec_o) = 1CA9
Symbol: \02rwdata (main.o) = C880
Symbol: \02rwdata (terminal.o) = C8A3
Symbol: \02rwdata (vectrex_bios.vec_o) = C880
Symbol: \02start (main.o) = 0000
Symbol: .global.static.variable.currentLine (terminal.o) = C8A5
Symbol: .global.static.variable.terminalContent (terminal.o) = C8DA
Symbol: .static.function.terminal_scroll (terminal.o) = 1BC4
Symbol: @allZeroes\015 (rightShiftDWord.vec_o) = 02EE
Symbol: @bitLoop\014 (leftShiftDWordAtXByB.vec_o) = 01C5
Symbol: @bitLoop\014 (rightShiftDWordAtXByB.vec_o) = 031F
Symbol: @byteLoop\014 (leftShiftDWordAtXByB.vec_o) = 01AF
Symbol: @byteLoop\014 (rightShiftDWordAtXByB.vec_o) = 0302
Symbol: @cond\014 (copyMem.vec_o) = 0130
Symbol: @copyByte\014 (pushSmallStruct.vec_o) = 02C3
Symbol: @done\0122 (crt.vec_o) = 0032
Symbol: @done\014 (leftShiftDWordAtXByB.vec_o) = 01D0
Symbol: @done\014 (rightShiftDWordAtXByB.vec_o) = 033B
Symbol: @done\015 (leftShiftDWord.vec_o) = 01A7
Symbol: @done\015 (rightShiftDWord.vec_o) = 02F7
Symbol: @done\018 (cmpDWordDWord.vec_o) = 00E9
Symbol: @fillWithB\015 (rightShiftDWord.vec_o) = 02EF
Symbol: @intNotNeg\014 (addDWordInt.vec_o) = 00A7
Symbol: @intNotNeg\014 (subDWordInt.vec_o) = 03AC
Symbol: @loop\0122 (crt.vec_o) = 002C
Symbol: @loop\014 (copyMem.vec_o) = 012C
Symbol: @resultZero\015 (leftShiftDWord.vec_o) = 019F
Symbol: @shiftAll\015 (rightShiftDWord.vec_o) = 02E5
Symbol: @signExtBitLoop\014 (rightShiftDWordAtXByB.vec_o) = 0323
Symbol: @storeExtByte\014 (rightShiftDWordAtXByB.vec_o) = 0315
Symbol: @useExtByte\014 (rightShiftDWordAtXByB.vec_o) = 0313
Symbol: @vectrexExitLoop\0186 (crt.vec_o) = 0075
Symbol: @zeroExtBitLoop\014 (rightShiftDWordAtXByB.vec_o) = 0330
Symbol: Abs_a_b (vectrex_bios.vec_o) = F934
Symbol: Abs_b (vectrex_bios.vec_o) = F93B
Symbol: Add_Score_a (vectrex_bios.vec_o) = FC0E
Symbol: Add_Score_d (vectrex_bios.vec_o) = FC2C
Symbol: Bitmask_a (vectrex_bios.vec_o) = F92E
Symbol: CHROUT (crt.vec_o) = C8AF
Symbol: Char_Table (vectrex_bios.vec_o) = FDA4
Symbol: Char_Table_End (vectrex_bios.vec_o) = FF84
Symbol: Check0Ref (vectrex_bios.vec_o) = F6FF
Symbol: Clear_C8_RAM (vectrex_bios.vec_o) = F8F2
Symbol: Clear_Score (vectrex_bios.vec_o) = FBFF
Symbol: Clear_Sound (vectrex_bios.vec_o) = F622
Symbol: Clear_x_256 (vectrex_bios.vec_o) = F8F5
Symbol: Clear_x_b (vectrex_bios.vec_o) = F8EF
Symbol: Clear_x_b_80 (vectrex_bios.vec_o) = F900
Symbol: Clear_x_b_a (vectrex_bios.vec_o) = F902
Symbol: Clear_x_d (vectrex_bios.vec_o) = F8F8
Symbol: Cold_Start (vectrex_bios.vec_o) = F3B0
Symbol: Compare_Score (vectrex_bios.vec_o) = FC77
Symbol: D16010 (DIV16.vec_o) = 0141
Symbol: D16020 (DIV16.vec_o) = 0152
Symbol: D16030 (DIV16.vec_o) = 0154
Symbol: DIV16 (DIV16.vec_o) = 0137
Symbol: DP_to_C8 (vectrex_bios.vec_o) = F55F
Symbol: DP_to_D0 (vectrex_bios.vec_o) = F55A
Symbol: Dec_3_Counters (vectrex_bios.vec_o) = F90A
Symbol: Dec_6_Counters (vectrex_bios.vec_o) = F90E
Symbol: Dec_Counters (vectrex_bios.vec_o) = F913
Symbol: Delay_0 (vectrex_bios.vec_o) = F929
Symbol: Delay_1 (vectrex_bios.vec_o) = F925
Symbol: Delay_2 (vectrex_bios.vec_o) = F921
Symbol: Delay_3 (vectrex_bios.vec_o) = F91D
Symbol: Delay_RTS (vectrex_bios.vec_o) = F92D
Symbol: Delay_b (vectrex_bios.vec_o) = F92A
Symbol: Do_Sound (vectrex_bios.vec_o) = F639
Symbol: Do_Sound_x (vectrex_bios.vec_o) = F63C
Symbol: Dot_List (vectrex_bios.vec_o) = F685
Symbol: Dot_List_Reset (vectrex_bios.vec_o) = F68E
Symbol: Dot_d (vectrex_bios.vec_o) = F673
Symbol: Dot_here (vectrex_bios.vec_o) = F675
Symbol: Dot_ix (vectrex_bios.vec_o) = F671
Symbol: Dot_ix_b (vectrex_bios.vec_o) = F66E
Symbol: Draw_Grid_VL (vectrex_bios.vec_o) = 1034F
Symbol: Draw_Line_d (vectrex_bios.vec_o) = F78F
Symbol: Draw_Pat_VL (vectrex_bios.vec_o) = F7E7
Symbol: Draw_Pat_VL_a (vectrex_bios.vec_o) = F7E4
Symbol: Draw_Pat_VL_d (vectrex_bios.vec_o) = F7E9
Symbol: Draw_VL (vectrex_bios.vec_o) = F78D
Symbol: Draw_VL_a (vectrex_bios.vec_o) = F78A
Symbol: Draw_VL_ab (vectrex_bios.vec_o) = F788
Symbol: Draw_VL_b (vectrex_bios.vec_o) = F782
Symbol: Draw_VL_mode (vectrex_bios.vec_o) = F81E
Symbol: Draw_VLc (vectrex_bios.vec_o) = F77E
Symbol: Draw_VLcs (vectrex_bios.vec_o) = F786
Symbol: Draw_VLp (vectrex_bios.vec_o) = F7C0
Symbol: Draw_VLp_7F (vectrex_bios.vec_o) = F7B8
Symbol: Draw_VLp_FF (vectrex_bios.vec_o) = F7B4
Symbol: Draw_VLp_b (vectrex_bios.vec_o) = F7BE
Symbol: Draw_VLp_scale (vectrex_bios.vec_o) = F7BC
Symbol: Explosion_Snd (vectrex_bios.vec_o) = FCDE
Symbol: Get_Rise_Idx (vectrex_bios.vec_o) = F989
Symbol: Get_Rise_Run (vectrex_bios.vec_o) = F99F
Symbol: Get_Run_Idx (vectrex_bios.vec_o) = F98B
Symbol: INILIB (crt.vec_o) = 0023
Symbol: INISTK (crt.vec_o) = C8A5
Symbol: INITGL (main.o) = 1CA8
Symbol: Init_Music (vectrex_bios.vec_o) = FA3D
Symbol: Init_Music_Buf (vectrex_bios.vec_o) = F8E3
Symbol: Init_Music_chk (vectrex_bios.vec_o) = FA37
Symbol: Init_Music_x (vectrex_bios.vec_o) = FA42
Symbol: Init_OS (vectrex_bios.vec_o) = F53B
Symbol: Init_OS_RAM (vectrex_bios.vec_o) = F514
Symbol: Init_VIA (vectrex_bios.vec_o) = F4FC
Symbol: Intensity_1F (vectrex_bios.vec_o) = F64D
Symbol: Intensity_3F (vectrex_bios.vec_o) = F651
Symbol: Intensity_5F (vectrex_bios.vec_o) = F655
Symbol: Intensity_7F (vectrex_bios.vec_o) = F659
Symbol: Intensity_a (vectrex_bios.vec_o) = F65B
Symbol: Joy_Analog (vectrex_bios.vec_o) = F5A5
Symbol: Joy_Digital (vectrex_bios.vec_o) = F5A8
Symbol: L00032 (terminal.o) = 1BD0
Symbol: L00033 (terminal.o) = 1BF2
Symbol: L00037 (terminal.o) = 1C18
Symbol: L00039 (terminal.o) = 1C42
Symbol: L00040 (terminal.o) = 1C89
Symbol: L00041 (main.o) = 0953
Symbol: L00042 (main.o) = 0A25
Symbol: L00042 (terminal.o) = 1C9C
Symbol: L00043 (main.o) = 0A62
Symbol: L00044 (terminal.o) = 1C82
Symbol: L00049 (main.o) = 1249
Symbol: L00114 (main.o) = 080E
Symbol: L00117 (main.o) = 083E
Symbol: L00120 (main.o) = 089A
Symbol: L00123 (main.o) = 08C3
Symbol: L00126 (main.o) = 08FA
Symbol: L00129 (main.o) = 0917
Symbol: L00131 (main.o) = 094B
Symbol: L00132 (main.o) = 0951
Symbol: L00133 (main.o) = 093E
Symbol: L00138 (main.o) = 0974
Symbol: L00143 (main.o) = 0988
Symbol: L00144 (main.o) = 09B9
Symbol: L00147 (main.o) = 09D6
Symbol: L00149 (main.o) = 09EC
Symbol: L00150 (main.o) = 0A1E
Symbol: L00152 (main.o) = 0A33
Symbol: L00153 (main.o) = 0A5B
Symbol: L00157 (main.o) = 0A59
Symbol: L00160 (main.o) = 0AAD
Symbol: L00161 (main.o) = 0ACD
Symbol: L00163 (main.o) = 0B28
Symbol: L00164 (main.o) = 0B48
Symbol: L00166 (main.o) = 0BA3
Symbol: L00167 (main.o) = 0BC3
Symbol: L00169 (main.o) = 0C53
Symbol: L00170 (main.o) = 0C73
Symbol: L00172 (main.o) = 0CCE
Symbol: L00173 (main.o) = 0CEE
Symbol: L00176 (main.o) = 0D1F
Symbol: L00177 (main.o) = 0D63
Symbol: L00179 (main.o) = 0D35
Symbol: L00180 (main.o) = 0D63
Symbol: L00182 (main.o) = 0D50
Symbol: L00183 (main.o) = 0D63
Symbol: L00184 (main.o) = 0E08
Symbol: L00185 (main.o) = 0E24
Symbol: L00187 (main.o) = 0E37
Symbol: L00188 (main.o) = 0E53
Symbol: L00190 (main.o) = 0E66
Symbol: L00191 (main.o) = 0E82
Symbol: L00193 (main.o) = 0E95
Symbol: L00194 (main.o) = 0EB1
Symbol: L00196 (main.o) = 0F24
Symbol: L00197 (main.o) = 0F34
Symbol: L00205 (main.o) = 110F
Symbol: L00207 (main.o) = 1213
Symbol: L00208 (main.o) = 1222
Symbol: L00213 (main.o) = 125A
Symbol: L00214 (main.o) = 12C0
Symbol: L00218 (main.o) = 1298
Symbol: L00219 (main.o) = 12BD
Symbol: L00220 (main.o) = 12D6
Symbol: L00221 (main.o) = 13B4
Symbol: L00222 (main.o) = 13B1
Symbol: L00231 (main.o) = 1367
Symbol: L00232 (main.o) = 1380
Symbol: L00235 (main.o) = 14D6
Symbol: L00236 (main.o) = 149E
Symbol: L00237 (main.o) = 14A0
Symbol: L00238 (main.o) = 151B
Symbol: L00239 (main.o) = 14E3
Symbol: L00240 (main.o) = 14E5
Symbol: L00241 (main.o) = 1560
Symbol: L00242 (main.o) = 1528
Symbol: L00243 (main.o) = 152A
Symbol: L00244 (main.o) = 15A4
Symbol: L00245 (main.o) = 156C
Symbol: L00246 (main.o) = 156E
Symbol: L00247 (main.o) = 15E8
Symbol: L00248 (main.o) = 15B0
Symbol: L00249 (main.o) = 15B2
Symbol: L00250 (main.o) = 162C
Symbol: L00251 (main.o) = 15F4
Symbol: L00252 (main.o) = 15F6
Symbol: L00253 (main.o) = 1639
Symbol: L00254 (main.o) = 163B
Symbol: L00255 (main.o) = 164F
Symbol: L00256 (main.o) = 1651
Symbol: L00257 (main.o) = 1665
Symbol: L00258 (main.o) = 1667
Symbol: L00259 (main.o) = 1674
Symbol: L00260 (main.o) = 1676
Symbol: L00261 (main.o) = 1683
Symbol: L00262 (main.o) = 1685
Symbol: L00263 (main.o) = 1699
Symbol: L00264 (main.o) = 169B
Symbol: L00265 (main.o) = 16A6
Symbol: L00266 (main.o) = 16A6
Symbol: L00267 (main.o) = 16B1
Symbol: L00268 (main.o) = 16B1
Symbol: L00269 (main.o) = 16BB
Symbol: L00270 (main.o) = 16BB
Symbol: L00271 (main.o) = 16C5
Symbol: L00272 (main.o) = 16C5
Symbol: L00273 (main.o) = 16CF
Symbol: L00274 (main.o) = 16CF
Symbol: L00275 (main.o) = 16D9
Symbol: L00276 (main.o) = 16D9
Symbol: L00278 (main.o) = 16F7
Symbol: L00283 (main.o) = 1714
Symbol: L00288 (main.o) = 1732
Symbol: L00293 (main.o) = 1752
Symbol: L00298 (main.o) = 1772
Symbol: L00303 (main.o) = 1792
Symbol: L00308 (main.o) = 17B2
Symbol: L00313 (main.o) = 17D2
Symbol: L00318 (main.o) = 1918
Symbol: L00321 (main.o) = 196E
Symbol: L00324 (main.o) = 19C5
Symbol: L00326 (main.o) = 1A0A
Symbol: L00327 (main.o) = 1BBB
Symbol: L00330 (main.o) = 1AFF
Symbol: L00333 (main.o) = 1B12
Symbol: L00336 (main.o) = 1B2E
Symbol: L00340 (main.o) = 1B4A
Symbol: L00344 (main.o) = 1B65
Symbol: L00347 (main.o) = 1B81
Symbol: L00350 (main.o) = 1B9C
Symbol: L00353 (main.o) = 1BB8
Symbol: LBUFMX (vectrex_bios.vec_o) = 04AA
Symbol: LF4A5 (vectrex_bios.vec_o) = 04A3
Symbol: LF4C7 (vectrex_bios.vec_o) = 04C5
Symbol: LF4CB (vectrex_bios.vec_o) = 04C9
Symbol: LF4EB (vectrex_bios.vec_o) = 04E9
Symbol: LF50A (vectrex_bios.vec_o) = 0508
Symbol: MUL16 (MUL16.vec_o) = 01D1
Symbol: MUL16BY10 (MUL16BY10.vec_o) = 01E9
Symbol: MUL32 (MUL32.vec_o) = 01F4
Symbol: Mov_Draw_VL (vectrex_bios.vec_o) = F76C
Symbol: Mov_Draw_VL_a (vectrex_bios.vec_o) = F769
Symbol: Mov_Draw_VL_ab (vectrex_bios.vec_o) = F767
Symbol: Mov_Draw_VL_b (vectrex_bios.vec_o) = F761
Symbol: Mov_Draw_VL_d (vectrex_bios.vec_o) = F76E
Symbol: Mov_Draw_VLc_a (vectrex_bios.vec_o) = F75D
Symbol: Mov_Draw_VLcs (vectrex_bios.vec_o) = F765
Symbol: Move_Mem_a (vectrex_bios.vec_o) = FA33
Symbol: Move_Mem_a_1 (vectrex_bios.vec_o) = FA2F
Symbol: Moveto_d (vectrex_bios.vec_o) = F6C2
Symbol: Moveto_d_7F (vectrex_bios.vec_o) = F6AC
Symbol: Moveto_ix (vectrex_bios.vec_o) = F6C0
Symbol: Moveto_ix_7F (vectrex_bios.vec_o) = F6BC
Symbol: Moveto_ix_FF (vectrex_bios.vec_o) = F6B8
Symbol: Moveto_ix_b (vectrex_bios.vec_o) = F6BE
Symbol: Moveto_x_7F (vectrex_bios.vec_o) = F6A2
Symbol: New_High_Score (vectrex_bios.vec_o) = FC88
Symbol: Obj_Hit (vectrex_bios.vec_o) = FCAF
Symbol: Obj_Will_Hit (vectrex_bios.vec_o) = FCA3
Symbol: Obj_Will_Hit_u (vectrex_bios.vec_o) = FC95
Symbol: PUTCHR (crt.vec_o) = 0078
Symbol: Print_List (vectrex_bios.vec_o) = F73A
Symbol: Print_List_chk (vectrex_bios.vec_o) = F73C
Symbol: Print_List_hw (vectrex_bios.vec_o) = F735
Symbol: Print_Ships (vectrex_bios.vec_o) = F743
Symbol: Print_Ships_x (vectrex_bios.vec_o) = F741
Symbol: Print_Str (vectrex_bios.vec_o) = F845
Symbol: Print_Str_d (vectrex_bios.vec_o) = F72A
Symbol: Print_Str_hwyx (vectrex_bios.vec_o) = F723
Symbol: Print_Str_yx (vectrex_bios.vec_o) = F728
Symbol: Random (vectrex_bios.vec_o) = F8C7
Symbol: Random_3 (vectrex_bios.vec_o) = F8C1
Symbol: Read_Btns (vectrex_bios.vec_o) = F56A
Symbol: Read_Btns_Mask (vectrex_bios.vec_o) = F564
Symbol: Recalibrate (vectrex_bios.vec_o) = F696
Symbol: Reset0Int (vectrex_bios.vec_o) = F71B
Symbol: Reset0Ref (vectrex_bios.vec_o) = F704
Symbol: Reset0Ref_D0 (vectrex_bios.vec_o) = F6FA
Symbol: Reset_Pen (vectrex_bios.vec_o) = F70B
Symbol: Rise_Run_Angle (vectrex_bios.vec_o) = F943
Symbol: Rise_Run_Len (vectrex_bios.vec_o) = F9B3
Symbol: Rise_Run_X (vectrex_bios.vec_o) = F9AF
Symbol: Rise_Run_Y (vectrex_bios.vec_o) = F9B1
Symbol: Rot_VL (vectrex_bios.vec_o) = F9C6
Symbol: Rot_VL_Mode (vectrex_bios.vec_o) = F9DB
Symbol: Rot_VL_Mode_a (vectrex_bios.vec_o) = F9CF
Symbol: Rot_VL_ab (vectrex_bios.vec_o) = F9C0
Symbol: Rot_VL_dft (vectrex_bios.vec_o) = F9E7
Symbol: S00055 (main.o) = 1CA9
Symbol: SDIV16 (SDIV16.vec_o) = 033D
Symbol: SDIV16_10 (SDIV16.vec_o) = 034F
Symbol: SDIV16_20 (SDIV16.vec_o) = 035E
Symbol: SDIV16_30 (SDIV16.vec_o) = 0372
Symbol: SDIV16_40 (SDIV16.vec_o) = 037B
Symbol: Select_Game (vectrex_bios.vec_o) = FB59
Symbol: Set_Refresh (vectrex_bios.vec_o) = F552
Symbol: Sound_Byte (vectrex_bios.vec_o) = F606
Symbol: Sound_Byte_raw (vectrex_bios.vec_o) = F60B
Symbol: Sound_Byte_x (vectrex_bios.vec_o) = F609
Symbol: Sound_Bytes (vectrex_bios.vec_o) = F62D
Symbol: Sound_Bytes_x (vectrex_bios.vec_o) = F634
Symbol: Strip_Zeros (vectrex_bios.vec_o) = FC67
Symbol: VIA_DDR_a (vectrex_bios.vec_o) = D3B3
Symbol: VIA_DDR_b (vectrex_bios.vec_o) = D3B2
Symbol: VIA_aux_cntl (vectrex_bios.vec_o) = D3BB
Symbol: VIA_cntl (vectrex_bios.vec_o) = D3BC
Symbol: VIA_int_enable (vectrex_bios.vec_o) = D3BE
Symbol: VIA_int_flags (vectrex_bios.vec_o) = D3BD
Symbol: VIA_port_a (vectrex_bios.vec_o) = D3B1
Symbol: VIA_port_a_nohs (vectrex_bios.vec_o) = D3BF
Symbol: VIA_port_b (vectrex_bios.vec_o) = D3B0
Symbol: VIA_shift_reg (vectrex_bios.vec_o) = D3BA
Symbol: VIA_t1_cnt_hi (vectrex_bios.vec_o) = D3B5
Symbol: VIA_t1_cnt_lo (vectrex_bios.vec_o) = D3B4
Symbol: VIA_t1_lch_hi (vectrex_bios.vec_o) = D3B7
Symbol: VIA_t1_lch_lo (vectrex_bios.vec_o) = D3B6
Symbol: VIA_t2_hi (vectrex_bios.vec_o) = D3B9
Symbol: VIA_t2_lo (vectrex_bios.vec_o) = D3B8
Symbol: Vec_0Ref_Enable (vectrex_bios.vec_o) = CBD4
Symbol: Vec_ADSR_Table (vectrex_bios.vec_o) = CBFF
Symbol: Vec_ADSR_Timers (vectrex_bios.vec_o) = CC0E
Symbol: Vec_Angle (vectrex_bios.vec_o) = CBE6
Symbol: Vec_Brightness (vectrex_bios.vec_o) = CBD7
Symbol: Vec_Btn_State (vectrex_bios.vec_o) = CBBF
Symbol: Vec_Button_1_1 (vectrex_bios.vec_o) = CBC2
Symbol: Vec_Button_1_2 (vectrex_bios.vec_o) = CBC3
Symbol: Vec_Button_1_3 (vectrex_bios.vec_o) = CBC4
Symbol: Vec_Button_1_4 (vectrex_bios.vec_o) = CBC5
Symbol: Vec_Button_2_1 (vectrex_bios.vec_o) = CBC6
Symbol: Vec_Button_2_2 (vectrex_bios.vec_o) = CBC7
Symbol: Vec_Button_2_3 (vectrex_bios.vec_o) = CBC8
Symbol: Vec_Button_2_4 (vectrex_bios.vec_o) = CBC9
Symbol: Vec_Buttons (vectrex_bios.vec_o) = CBC1
Symbol: Vec_Cold_Flag (vectrex_bios.vec_o) = CFAE
Symbol: Vec_Counter_1 (vectrex_bios.vec_o) = CBDE
Symbol: Vec_Counter_2 (vectrex_bios.vec_o) = CBDF
Symbol: Vec_Counter_3 (vectrex_bios.vec_o) = CBE0
Symbol: Vec_Counter_4 (vectrex_bios.vec_o) = CBE1
Symbol: Vec_Counter_5 (vectrex_bios.vec_o) = CBE2
Symbol: Vec_Counter_6 (vectrex_bios.vec_o) = CBE3
Symbol: Vec_Counters (vectrex_bios.vec_o) = CBDE
Symbol: Vec_Default_Stk (vectrex_bios.vec_o) = CF9A
Symbol: Vec_Dot_Dwell (vectrex_bios.vec_o) = CBD8
Symbol: Vec_Duration (vectrex_bios.vec_o) = CC07
Symbol: Vec_Expl_1 (vectrex_bios.vec_o) = CC08
Symbol: Vec_Expl_2 (vectrex_bios.vec_o) = CC09
Symbol: Vec_Expl_3 (vectrex_bios.vec_o) = CC0A
Symbol: Vec_Expl_4 (vectrex_bios.vec_o) = CC0B
Symbol: Vec_Expl_Chan (vectrex_bios.vec_o) = CC0C
Symbol: Vec_Expl_ChanA (vectrex_bios.vec_o) = CC03
Symbol: Vec_Expl_ChanB (vectrex_bios.vec_o) = CC0D
Symbol: Vec_Expl_Chans (vectrex_bios.vec_o) = CC04
Symbol: Vec_Expl_Flag (vectrex_bios.vec_o) = CC17
Symbol: Vec_Expl_Timer (vectrex_bios.vec_o) = CC27
Symbol: Vec_FIRQ_Vector (vectrex_bios.vec_o) = CFA5
Symbol: Vec_Freq_Table (vectrex_bios.vec_o) = CBFD
Symbol: Vec_High_Score (vectrex_bios.vec_o) = CF9B
Symbol: Vec_IRQ_Vector (vectrex_bios.vec_o) = CFA8
Symbol: Vec_Joy_1_X (vectrex_bios.vec_o) = CBCB
Symbol: Vec_Joy_1_Y (vectrex_bios.vec_o) = CBCC
Symbol: Vec_Joy_2_X (vectrex_bios.vec_o) = CBCD
Symbol: Vec_Joy_2_Y (vectrex_bios.vec_o) = CBCE
Symbol: Vec_Joy_Mux (vectrex_bios.vec_o) = CBCF
Symbol: Vec_Joy_Mux_1_X (vectrex_bios.vec_o) = CBCF
Symbol: Vec_Joy_Mux_1_Y (vectrex_bios.vec_o) = CBD0
Symbol: Vec_Joy_Mux_2_X (vectrex_bios.vec_o) = CBD1
Symbol: Vec_Joy_Mux_2_Y (vectrex_bios.vec_o) = CBD2
Symbol: Vec_Joy_Resltn (vectrex_bios.vec_o) = CBCA
Symbol: Vec_Loop_Count (vectrex_bios.vec_o) = CBD5
Symbol: Vec_Max_Games (vectrex_bios.vec_o) = CC00
Symbol: Vec_Max_Players (vectrex_bios.vec_o) = CBFF
Symbol: Vec_Misc_Count (vectrex_bios.vec_o) = CBD3
Symbol: Vec_Music_Chan (vectrex_bios.vec_o) = CC05
Symbol: Vec_Music_Flag (vectrex_bios.vec_o) = CC06
Symbol: Vec_Music_Freq (vectrex_bios.vec_o) = CC11
Symbol: Vec_Music_Ptr (vectrex_bios.vec_o) = CC03
Symbol: Vec_Music_Twang (vectrex_bios.vec_o) = CC08
Symbol: Vec_Music_Wk_1 (vectrex_bios.vec_o) = CBFB
Symbol: Vec_Music_Wk_5 (vectrex_bios.vec_o) = CBF7
Symbol: Vec_Music_Wk_6 (vectrex_bios.vec_o) = CBF6
Symbol: Vec_Music_Wk_7 (vectrex_bios.vec_o) = CBF5
Symbol: Vec_Music_Wk_A (vectrex_bios.vec_o) = CBF2
Symbol: Vec_Music_Work (vectrex_bios.vec_o) = CBEF
Symbol: Vec_NMI_Vector (vectrex_bios.vec_o) = CFAB
Symbol: Vec_Num_Game (vectrex_bios.vec_o) = CC2A
Symbol: Vec_Num_Players (vectrex_bios.vec_o) = CC29
Symbol: Vec_Pattern (vectrex_bios.vec_o) = CBD9
Symbol: Vec_Prev_Btns (vectrex_bios.vec_o) = CBC0
Symbol: Vec_Random_Seed (vectrex_bios.vec_o) = CC2D
Symbol: Vec_Rfrsh (vectrex_bios.vec_o) = CBED
Symbol: Vec_Rfrsh_hi (vectrex_bios.vec_o) = CBEE
Symbol: Vec_Rfrsh_lo (vectrex_bios.vec_o) = CBED
Symbol: Vec_RiseRun_Len (vectrex_bios.vec_o) = CBEB
Symbol: Vec_RiseRun_Tmp (vectrex_bios.vec_o) = CBE4
Symbol: Vec_Rise_Index (vectrex_bios.vec_o) = CBE9
Symbol: Vec_Run_Index (vectrex_bios.vec_o) = CBE7
Symbol: Vec_SWI2_Vector (vectrex_bios.vec_o) = CFA2
Symbol: Vec_SWI3_Vector (vectrex_bios.vec_o) = CFA2
Symbol: Vec_SWI_Vector (vectrex_bios.vec_o) = CFAB
Symbol: Vec_Seed_Ptr (vectrex_bios.vec_o) = CC2B
Symbol: Vec_Snd_Shadow (vectrex_bios.vec_o) = CBB0
Symbol: Vec_Str_Ptr (vectrex_bios.vec_o) = CBDC
Symbol: Vec_Text_HW (vectrex_bios.vec_o) = CBDA
Symbol: Vec_Text_Height (vectrex_bios.vec_o) = CBDA
Symbol: Vec_Text_Width (vectrex_bios.vec_o) = CBDB
Symbol: Vec_Twang_Table (vectrex_bios.vec_o) = CC01
Symbol: Wait_Recal (vectrex_bios.vec_o) = F542
Symbol: Warm_Start (vectrex_bios.vec_o) = F41C
Symbol: Xform_Rise (vectrex_bios.vec_o) = FA13
Symbol: Xform_Rise_a (vectrex_bios.vec_o) = FA11
Symbol: Xform_Run (vectrex_bios.vec_o) = FA0D
Symbol: Xform_Run_a (vectrex_bios.vec_o) = FA0B
Symbol: _GetSin (main.o) = 0D07
Symbol: _MovePlayer (main.o) = 0DBC
Symbol: _SearchThroughArray (main.o) = 0A29
Symbol: _UpdateDirections (main.o) = 0D67
Symbol: _build_position_string (main.o) = 0A66
Symbol: _build_rotation_string (main.o) = 0BDC
Symbol: _cast_ray_down_from_player (main.o) = 19D1
Symbol: _cold_start (vectrex_bios.vec_o) = 060D
Symbol: _cosu (main.o) = C8C4
Symbol: _cosv (main.o) = C8C0
Symbol: _createcubeat (main.o) = 13C1
Symbol: _currentLine (terminal.o) = C8A3
Symbol: _decimalx (main.o) = C89B
Symbol: _decimalz (main.o) = C89F
Symbol: _division (main.o) = 0905
Symbol: _dot (vectrex_bios.vec_o) = 0515
Symbol: _dots (vectrex_bios.vec_o) = 0527
Symbol: _drawcube (main.o) = 124D
Symbol: _exit (crt.vec_o) = 0072
Symbol: _init_os (vectrex_bios.vec_o) = 061D
Symbol: _init_os_ram (vectrex_bios.vec_o) = 0619
Symbol: _init_via (vectrex_bios.vec_o) = 0615
Symbol: _int_to_string (main.o) = 0957
Symbol: _intensity (vectrex_bios.vec_o) = 0443
Symbol: _line (vectrex_bios.vec_o) = 055A
Symbol: _lines (vectrex_bios.vec_o) = 056C
Symbol: _main (main.o) = 19D9
Symbol: _move (vectrex_bios.vec_o) = 0548
Symbol: _mul16x16 (main.o) = 06AA
Symbol: _mul16x16_u (main.o) = 07A0
Symbol: _mul16x8 (main.o) = 0638
Symbol: _mul16x8_u (main.o) = 0767
Symbol: _mul8 (mul.o) = 1CA0
Symbol: _mul8_u (main.o) = 072E
Symbol: _mul_signed (main.o) = 0869
Symbol: _mul_signed_neg (main.o) = 07D8
Symbol: _music_check (vectrex_bios.vec_o) = 05CD
Symbol: _music_get_flag (vectrex_bios.vec_o) = 05BC
Symbol: _music_play (vectrex_bios.vec_o) = 05E1
Symbol: _music_set_flag (vectrex_bios.vec_o) = 05AF
Symbol: _pattern_lines (vectrex_bios.vec_o) = 057F
Symbol: _playerposition (main.o) = C8B4
Symbol: _playerrotation (main.o) = C8BA
Symbol: _prepare_vertices (main.o) = 19C9
Symbol: _print_str (vectrex_bios.vec_o) = 0466
Symbol: _print_str_c (vectrex_bios.vec_o) = 047E
Symbol: _project_point (main.o) = 0EC6
Symbol: _random (vectrex_bios.vec_o) = 05FC
Symbol: _random_seed (vectrex_bios.vec_o) = 05E5
Symbol: _read_buttons (vectrex_bios.vec_o) = 03B0
Symbol: _read_joystick (vectrex_bios.vec_o) = 03C4
Symbol: _recip_table (main.o) = 1D09
Symbol: _reset_beam (vectrex_bios.vec_o) = 0450
Symbol: _rotate (vectrex_bios.vec_o) = 0597
Symbol: _set_refresh (vectrex_bios.vec_o) = 0621
Symbol: _set_scale (vectrex_bios.vec_o) = 053C
Symbol: _set_text_size (vectrex_bios.vec_o) = 0454
Symbol: _sin_table (main.o) = 1CC9
Symbol: _sinu (main.o) = C8C2
Symbol: _sinv (main.o) = C8BE
Symbol: _terminalContent (terminal.o) = C8C6
Symbol: _terminal_print (terminal.o) = 1C08
Symbol: _terminal_render (terminal.o) = 1C36
Symbol: _terminal_scroll (terminal.o) = 1BC4
Symbol: _wait_retrace (vectrex_bios.vec_o) = 043F
Symbol: _warm_start (vectrex_bios.vec_o) = 0611
Symbol: _world (main.o) = C880
Symbol: addDWordDWord (addDWordDWord.vec_o) = 0079
Symbol: addDWordInt (addDWordInt.vec_o) = 0090
Symbol: bss_end (main.o) = C8C6
Symbol: bss_end (terminal.o) = C8DA
Symbol: bss_end (vectrex_bios.vec_o) = C8B4
Symbol: bss_start (main.o) = C8B4
Symbol: bss_start (terminal.o) = C8C6
Symbol: bss_start (vectrex_bios.vec_o) = C8B4
Symbol: cmpDWordDWord (cmpDWordDWord.vec_o) = 00AB
Symbol: cmpDWordSignedInt (cmpDWordSignedInt.vec_o) = 00EA
Symbol: constructors (crt.vec_o) = 1CA6
Symbol: copyDWord (copyDWord.vec_o) = 0104
Symbol: copyDWordFromXToD (copyDWordFromXToD.vec_o) = 0112
Symbol: copyMem (copyMem.vec_o) = 0120
Symbol: destructors (crt.vec_o) = 1CA7
Symbol: end_of_sbrk_mem (crt.vec_o) = C8AB
Symbol: funcend_GetSin (main.o) = 0D67
Symbol: funcend_MovePlayer (main.o) = 0EC6
Symbol: funcend_SearchThroughArray (main.o) = 0A66
Symbol: funcend_UpdateDirections (main.o) = 0DBC
Symbol: funcend_build_position_string (main.o) = 0BDC
Symbol: funcend_build_rotation_string (main.o) = 0D07
Symbol: funcend_cast_ray_down_from_player (main.o) = 19D9
Symbol: funcend_cold_start (vectrex_bios.vec_o) = 0611
Symbol: funcend_createcubeat (main.o) = 19C9
Symbol: funcend_division (main.o) = 0957
Symbol: funcend_dot (vectrex_bios.vec_o) = 0527
Symbol: funcend_dots (vectrex_bios.vec_o) = 053C
Symbol: funcend_drawcube (main.o) = 13C1
Symbol: funcend_init_os (vectrex_bios.vec_o) = 0621
Symbol: funcend_init_os_ram (vectrex_bios.vec_o) = 061D
Symbol: funcend_init_via (vectrex_bios.vec_o) = 0619
Symbol: funcend_int_to_string (main.o) = 0A29
Symbol: funcend_intensity (vectrex_bios.vec_o) = 0450
Symbol: funcend_line (vectrex_bios.vec_o) = 056C
Symbol: funcend_lines (vectrex_bios.vec_o) = 057F
Symbol: funcend_main (main.o) = 1BC4
Symbol: funcend_move (vectrex_bios.vec_o) = 055A
Symbol: funcend_mul16x16 (main.o) = 072E
Symbol: funcend_mul16x16_u (main.o) = 07D8
Symbol: funcend_mul16x8 (main.o) = 06AA
Symbol: funcend_mul16x8_u (main.o) = 07A0
Symbol: funcend_mul8_u (main.o) = 0767
Symbol: funcend_mul_signed (main.o) = 0905
Symbol: funcend_mul_signed_neg (main.o) = 0869
Symbol: funcend_music_check (vectrex_bios.vec_o) = 05E1
Symbol: funcend_music_get_flag (vectrex_bios.vec_o) = 05CD
Symbol: funcend_music_play (vectrex_bios.vec_o) = 05E5
Symbol: funcend_music_set_flag (vectrex_bios.vec_o) = 05BC
Symbol: funcend_pattern_lines (vectrex_bios.vec_o) = 0597
Symbol: funcend_prepare_vertices (main.o) = 19D1
Symbol: funcend_print_str (vectrex_bios.vec_o) = 047E
Symbol: funcend_print_str_c (vectrex_bios.vec_o) = 0515
Symbol: funcend_project_point (main.o) = 124D
Symbol: funcend_random (vectrex_bios.vec_o) = 060D
Symbol: funcend_random_seed (vectrex_bios.vec_o) = 05FC
Symbol: funcend_read_buttons (vectrex_bios.vec_o) = 03C4
Symbol: funcend_read_joystick (vectrex_bios.vec_o) = 043F
Symbol: funcend_reset_beam (vectrex_bios.vec_o) = 0454
Symbol: funcend_rotate (vectrex_bios.vec_o) = 05AF
Symbol: funcend_set_refresh (vectrex_bios.vec_o) = 0638
Symbol: funcend_set_scale (vectrex_bios.vec_o) = 0548
Symbol: funcend_set_text_size (vectrex_bios.vec_o) = 0466
Symbol: funcend_terminal_print (terminal.o) = 1C36
Symbol: funcend_terminal_render (terminal.o) = 1CA0
Symbol: funcend_terminal_scroll (terminal.o) = 1C08
Symbol: funcend_wait_retrace (vectrex_bios.vec_o) = 0443
Symbol: funcend_warm_start (vectrex_bios.vec_o) = 0615
Symbol: funcsize_GetSin (main.o) = 0698
Symbol: funcsize_MovePlayer (main.o) = 0742
Symbol: funcsize_SearchThroughArray (main.o) = 0675
Symbol: funcsize_UpdateDirections (main.o) = 068D
Symbol: funcsize_build_position_string (main.o) = 07AE
Symbol: funcsize_build_rotation_string (main.o) = 0763
Symbol: funcsize_cast_ray_down_from_player (main.o) = 0640
Symbol: funcsize_cold_start (vectrex_bios.vec_o) = 03B4
Symbol: funcsize_createcubeat (main.o) = 0C40
Symbol: funcsize_division (main.o) = 068A
Symbol: funcsize_dot (vectrex_bios.vec_o) = 03C2
Symbol: funcsize_dots (vectrex_bios.vec_o) = 03C5
Symbol: funcsize_drawcube (main.o) = 07AC
Symbol: funcsize_init_os (vectrex_bios.vec_o) = 03B4
Symbol: funcsize_init_os_ram (vectrex_bios.vec_o) = 03B4
Symbol: funcsize_init_via (vectrex_bios.vec_o) = 03B4
Symbol: funcsize_int_to_string (main.o) = 070A
Symbol: funcsize_intensity (vectrex_bios.vec_o) = 03BD
Symbol: funcsize_line (vectrex_bios.vec_o) = 03C2
Symbol: funcsize_lines (vectrex_bios.vec_o) = 03C3
Symbol: funcsize_main (main.o) = 0823
Symbol: funcsize_move (vectrex_bios.vec_o) = 03C2
Symbol: funcsize_mul16x16 (main.o) = 06BC
Symbol: funcsize_mul16x16_u (main.o) = 0670
Symbol: funcsize_mul16x8 (main.o) = 06AA
Symbol: funcsize_mul16x8_u (main.o) = 0671
Symbol: funcsize_mul8_u (main.o) = 0671
Symbol: funcsize_mul_signed (main.o) = 06D4
Symbol: funcsize_mul_signed_neg (main.o) = 06C9
Symbol: funcsize_music_check (vectrex_bios.vec_o) = 03C4
Symbol: funcsize_music_get_flag (vectrex_bios.vec_o) = 03C1
Symbol: funcsize_music_play (vectrex_bios.vec_o) = 03B4
Symbol: funcsize_music_set_flag (vectrex_bios.vec_o) = 03BD
Symbol: funcsize_pattern_lines (vectrex_bios.vec_o) = 03C8
Symbol: funcsize_prepare_vertices (main.o) = 0640
Symbol: funcsize_print_str (vectrex_bios.vec_o) = 03C8
Symbol: funcsize_print_str_c (vectrex_bios.vec_o) = 0447
Symbol: funcsize_project_point (main.o) = 09BF
Symbol: funcsize_random (vectrex_bios.vec_o) = 03C1
Symbol: funcsize_random_seed (vectrex_bios.vec_o) = 03C7
Symbol: funcsize_read_buttons (vectrex_bios.vec_o) = 03C4
Symbol: funcsize_read_joystick (vectrex_bios.vec_o) = 042B
Symbol: funcsize_reset_beam (vectrex_bios.vec_o) = 03B4
Symbol: funcsize_rotate (vectrex_bios.vec_o) = 03C8
Symbol: funcsize_set_refresh (vectrex_bios.vec_o) = 03C7
Symbol: funcsize_set_scale (vectrex_bios.vec_o) = 03BC
Symbol: funcsize_set_text_size (vectrex_bios.vec_o) = 03C2
Symbol: funcsize_terminal_print (terminal.o) = 1BF2
Symbol: funcsize_terminal_render (terminal.o) = 1C2E
Symbol: funcsize_terminal_scroll (terminal.o) = 1C08
Symbol: funcsize_wait_retrace (vectrex_bios.vec_o) = 03B4
Symbol: funcsize_warm_start (vectrex_bios.vec_o) = 03B4
Symbol: initByteFromDWord (initByteFromDWord.vec_o) = 0161
Symbol: initDWordFromSignedWord (initDWordFromSignedWord.vec_o) = 016B
Symbol: initDWordFromUnsignedWord (initDWordFromUnsignedWord.vec_o) = 0175
Symbol: initWordFromDWord (initWordFromDWord.vec_o) = 017C
Symbol: isLongZeroStack (cmpDWordDWord.vec_o) = 00DB
Symbol: l_bss (<synthetic>) = 0035
Symbol: l_code (<synthetic>) = 1C83
Symbol: l_constructors_end (<synthetic>) = 0001
Symbol: l_constructors_start (<synthetic>) = 0000
Symbol: l_destructors_end (<synthetic>) = 0001
Symbol: l_destructors_start (<synthetic>) = 0000
Symbol: l_initgl (<synthetic>) = 0000
Symbol: l_initgl_end (<synthetic>) = 0001
Symbol: l_initgl_start (<synthetic>) = 0000
Symbol: l_program_end (<synthetic>) = 0000
Symbol: l_rodata (<synthetic>) = 1060
Symbol: l_rwdata (<synthetic>) = 0025
Symbol: l_start (<synthetic>) = 0023
Symbol: leftShiftDWord (leftShiftDWord.vec_o) = 0186
Symbol: leftShiftDWordAtXByB (leftShiftDWordAtXByB.vec_o) = 01A9
Symbol: main_return_address (main.o) = 0020
Symbol: mulDWordDWord (mulDWordDWord.vec_o) = 025D
Symbol: mulDWordInt (mulDWordInt.vec_o) = 0278
Symbol: negateDWord (negateDWord.vec_o) = 029E
Symbol: nop_handler (crt.vec_o) = 0077
Symbol: null_ptr_handler (crt.vec_o) = C8A7
Symbol: program_break (crt.vec_o) = C8AD
Symbol: program_end (main.o) = C8DA
Symbol: program_start (main.o) = 0017
Symbol: push4ByteStruct (push4ByteStruct.vec_o) = 02B6
Symbol: pushSmallStruct (pushSmallStruct.vec_o) = 02BF
Symbol: read_joystick_1 (vectrex_bios.vec_o) = 03D5
Symbol: read_joystick_2 (vectrex_bios.vec_o) = 03F8
Symbol: read_joystick_check_x (vectrex_bios.vec_o) = 041B
Symbol: read_joystick_check_y (vectrex_bios.vec_o) = 0428
Symbol: read_joystick_down (vectrex_bios.vec_o) = 0432
Symbol: read_joystick_end (vectrex_bios.vec_o) = 0435
Symbol: read_joystick_left (vectrex_bios.vec_o) = 0425
Symbol: read_joystick_x_done (vectrex_bios.vec_o) = 0427
Symbol: read_joystick_y_done (vectrex_bios.vec_o) = 0434
Symbol: rightShiftDWord (rightShiftDWord.vec_o) = 02CC
Symbol: rightShiftDWordAtXByB (rightShiftDWordAtXByB.vec_o) = 02F9
Symbol: s_bss (<synthetic>) = C8A5
Symbol: s_code (<synthetic>) = 0023
Symbol: s_constructors_end (<synthetic>) = 1CA6
Symbol: s_constructors_start (<synthetic>) = 1CA6
Symbol: s_destructors_end (<synthetic>) = 1CA7
Symbol: s_destructors_start (<synthetic>) = 1CA7
Symbol: s_initgl (<synthetic>) = 1CA8
Symbol: s_initgl_end (<synthetic>) = 1CA8
Symbol: s_initgl_start (<synthetic>) = 1CA8
Symbol: s_program_end (<synthetic>) = C8DA
Symbol: s_rodata (<synthetic>) = 1CA9
Symbol: s_rwdata (<synthetic>) = C880
Symbol: s_start (<synthetic>) = 0000
Symbol: singlePrecisionSize (crt.vec_o) = C8B3
Symbol: stack_overflow_handler (crt.vec_o) = C8A9
Symbol: string_literals_end (main.o) = 1CC9
Symbol: string_literals_end (terminal.o) = 2D09
Symbol: string_literals_end (vectrex_bios.vec_o) = 1CA9
Symbol: string_literals_start (main.o) = 1CA9
Symbol: string_literals_start (terminal.o) = 2D09
Symbol: string_literals_start (vectrex_bios.vec_o) = 1CA9
Symbol: sub32Stack (cmpDWordDWord.vec_o) = 00C9
Symbol: subDWordDWord (subDWordDWord.vec_o) = 037E
Symbol: subDWordInt (subDWordInt.vec_o) = 0395
Symbol: unpackSingleAndConvertToASCII_dummy (crt.vec_o) = 006B
Symbol: unpackSingleAndConvertToASCII_hook (crt.vec_o) = C8B1
Symbol: vx_music_1 (vectrex_bios.vec_o) = 100BD
Symbol: vx_music_10 (vectrex_bios.vec_o) = 102F4
Symbol: vx_music_11 (vectrex_bios.vec_o) = 10312
Symbol: vx_music_12 (vectrex_bios.vec_o) = 1032A
Symbol: vx_music_13 (vectrex_bios.vec_o) = 1033F
Symbol: vx_music_2 (vectrex_bios.vec_o) = 100CD
Symbol: vx_music_3 (vectrex_bios.vec_o) = 10131
Symbol: vx_music_4 (vectrex_bios.vec_o) = 10183
Symbol: vx_music_5 (vectrex_bios.vec_o) = 101E8
Symbol: vx_music_6 (vectrex_bios.vec_o) = 10226
Symbol: vx_music_7 (vectrex_bios.vec_o) = 10276
Symbol: vx_music_8 (vectrex_bios.vec_o) = 102A8
Symbol: vx_music_9 (vectrex_bios.vec_o) = 102D6
