Section: start (main.o) load at 0000, length 0023
Section: code (crt.vec_o) load at 0023, length 0056
Section: code (addDWordDWord.vec_o) load at 0079, length 0017
Section: code (addDWordInt.vec_o) load at 0090, length 001B
Section: code (cmpDWordDWord.vec_o) load at 00AB, length 003F
Section: code (cmpDWordSignedInt.vec_o) load at 00EA, length 001A
Section: code (copyDWord.vec_o) load at 0104, length 000E
Section: code (copyDWordFromXToD.vec_o) load at 0112, length 000E
Section: code (copyMem.vec_o) load at 0120, length 0017
Section: code (DIV16.vec_o) load at 0137, length 002A
Section: code (initByteFromDWord.vec_o) load at 0161, length 000A
Section: code (initDWordFromSignedWord.vec_o) load at 016B, length 000A
Section: code (initDWordFromUnsignedWord.vec_o) load at 0175, length 0007
Section: code (initWordFromDWord.vec_o) load at 017C, length 000A
Section: code (leftShiftDWord.vec_o) load at 0186, length 0023
Section: code (leftShiftDWordAtXByB.vec_o) load at 01A9, length 0028
Section: code (MUL16.vec_o) load at 01D1, length 0018
Section: code (MUL16BY10.vec_o) load at 01E9, length 000B
Section: code (MUL32.vec_o) load at 01F4, length 0069
Section: code (mulDWordInt.vec_o) load at 025D, length 0026
Section: code (negateDWord.vec_o) load at 0283, length 0018
Section: code (push4ByteStruct.vec_o) load at 029B, length 0009
Section: code (pushSmallStruct.vec_o) load at 02A4, length 000D
Section: code (rightShiftDWord.vec_o) load at 02B1, length 002D
Section: code (rightShiftDWordAtXByB.vec_o) load at 02DE, length 0044
Section: code (SDIV16.vec_o) load at 0322, length 0041
Section: code (subDWordDWord.vec_o) load at 0363, length 0017
Section: code (subDWordInt.vec_o) load at 037A, length 001B
Section: code (vectrex_bios.vec_o) load at 0395, length 0288
Section: code (main.o) load at 061D, length 1738
Section: code (terminal.o) load at 1D55, length 00DC
Section: code (mul.o) load at 1E31, length 0006
Section: constructors_start (crt.vec_o) load at 1E37, length 0000
Section: constructors_end (crt.vec_o) load at 1E37, length 0001
Section: destructors_start (crt.vec_o) load at 1E38, length 0000
Section: destructors_end (crt.vec_o) load at 1E38, length 0001
Section: initgl_start (main.o) load at 1E39, length 0000
Section: initgl (vectrex_bios.vec_o) load at 1E39, length 0000
Section: initgl (main.o) load at 1E39, length 0000
Section: initgl (terminal.o) load at 1E39, length 0000
Section: initgl_end (main.o) load at 1E39, length 0001
Section: rodata (vectrex_bios.vec_o) load at 1E3A, length 0000
Section: rodata (main.o) load at 1E3A, length 1060
Section: rodata (terminal.o) load at 2E9A, length 0000
Section: rwdata (vectrex_bios.vec_o) load at C880, length 0000
Section: rwdata (main.o) load at C880, length 0023
Section: rwdata (terminal.o) load at C8A3, length 0002
Section: bss (crt.vec_o) load at C8A5, length 000F
Section: bss (vectrex_bios.vec_o) load at C8B4, length 0000
Section: bss (main.o) load at C8B4, length 00A2
Section: bss (terminal.o) load at C956, length 0014
Section: program_end (main.o) load at C96A, length 0000
Symbol: \02bss (crt.vec_o) = C8A5
Symbol: \02bss (main.o) = C8B4
Symbol: \02bss (terminal.o) = C956
Symbol: \02bss (vectrex_bios.vec_o) = C8B4
Symbol: \02code (DIV16.vec_o) = 0137
Symbol: \02code (MUL16.vec_o) = 01D1
Symbol: \02code (MUL16BY10.vec_o) = 01E9
Symbol: \02code (MUL32.vec_o) = 01F4
Symbol: \02code (SDIV16.vec_o) = 0322
Symbol: \02code (addDWordDWord.vec_o) = 0079
Symbol: \02code (addDWordInt.vec_o) = 0090
Symbol: \02code (cmpDWordDWord.vec_o) = 00AB
Symbol: \02code (cmpDWordSignedInt.vec_o) = 00EA
Symbol: \02code (copyDWord.vec_o) = 0104
Symbol: \02code (copyDWordFromXToD.vec_o) = 0112
Symbol: \02code (copyMem.vec_o) = 0120
Symbol: \02code (crt.vec_o) = 0023
Symbol: \02code (initByteFromDWord.vec_o) = 0161
Symbol: \02code (initDWordFromSignedWord.vec_o) = 016B
Symbol: \02code (initDWordFromUnsignedWord.vec_o) = 0175
Symbol: \02code (initWordFromDWord.vec_o) = 017C
Symbol: \02code (leftShiftDWord.vec_o) = 0186
Symbol: \02code (leftShiftDWordAtXByB.vec_o) = 01A9
Symbol: \02code (main.o) = 061D
Symbol: \02code (mul.o) = 1E31
Symbol: \02code (mulDWordInt.vec_o) = 025D
Symbol: \02code (negateDWord.vec_o) = 0283
Symbol: \02code (push4ByteStruct.vec_o) = 029B
Symbol: \02code (pushSmallStruct.vec_o) = 02A4
Symbol: \02code (rightShiftDWord.vec_o) = 02B1
Symbol: \02code (rightShiftDWordAtXByB.vec_o) = 02DE
Symbol: \02code (subDWordDWord.vec_o) = 0363
Symbol: \02code (subDWordInt.vec_o) = 037A
Symbol: \02code (terminal.o) = 1D55
Symbol: \02code (vectrex_bios.vec_o) = 0395
Symbol: \02constructors_end (crt.vec_o) = 1E37
Symbol: \02constructors_start (crt.vec_o) = 1E37
Symbol: \02destructors_end (crt.vec_o) = 1E38
Symbol: \02destructors_start (crt.vec_o) = 1E38
Symbol: \02initgl (main.o) = 1E39
Symbol: \02initgl (terminal.o) = 1E39
Symbol: \02initgl (vectrex_bios.vec_o) = 1E39
Symbol: \02initgl_end (main.o) = 1E39
Symbol: \02initgl_start (main.o) = 1E39
Symbol: \02program_end (main.o) = C96A
Symbol: \02rodata (main.o) = 1E3A
Symbol: \02rodata (terminal.o) = 2E9A
Symbol: \02rodata (vectrex_bios.vec_o) = 1E3A
Symbol: \02rwdata (main.o) = C880
Symbol: \02rwdata (terminal.o) = C8A3
Symbol: \02rwdata (vectrex_bios.vec_o) = C880
Symbol: \02start (main.o) = 0000
Symbol: .global.static.variable.currentLine (terminal.o) = C8A5
Symbol: .global.static.variable.terminalContent (terminal.o) = C96A
Symbol: .static.function.terminal_scroll (terminal.o) = 1D55
Symbol: @allZeroes\015 (rightShiftDWord.vec_o) = 02D3
Symbol: @bitLoop\014 (leftShiftDWordAtXByB.vec_o) = 01C5
Symbol: @bitLoop\014 (rightShiftDWordAtXByB.vec_o) = 0304
Symbol: @byteLoop\014 (leftShiftDWordAtXByB.vec_o) = 01AF
Symbol: @byteLoop\014 (rightShiftDWordAtXByB.vec_o) = 02E7
Symbol: @cond\014 (copyMem.vec_o) = 0130
Symbol: @copyByte\014 (pushSmallStruct.vec_o) = 02A8
Symbol: @done\0122 (crt.vec_o) = 0032
Symbol: @done\014 (leftShiftDWordAtXByB.vec_o) = 01D0
Symbol: @done\014 (rightShiftDWordAtXByB.vec_o) = 0320
Symbol: @done\015 (leftShiftDWord.vec_o) = 01A7
Symbol: @done\015 (rightShiftDWord.vec_o) = 02DC
Symbol: @done\018 (cmpDWordDWord.vec_o) = 00E9
Symbol: @fillWithB\015 (rightShiftDWord.vec_o) = 02D4
Symbol: @intNotNeg\014 (addDWordInt.vec_o) = 00A7
Symbol: @intNotNeg\014 (subDWordInt.vec_o) = 0391
Symbol: @loop\0122 (crt.vec_o) = 002C
Symbol: @loop\014 (copyMem.vec_o) = 012C
Symbol: @resultZero\015 (leftShiftDWord.vec_o) = 019F
Symbol: @shiftAll\015 (rightShiftDWord.vec_o) = 02CA
Symbol: @signExtBitLoop\014 (rightShiftDWordAtXByB.vec_o) = 0308
Symbol: @storeExtByte\014 (rightShiftDWordAtXByB.vec_o) = 02FA
Symbol: @useExtByte\014 (rightShiftDWordAtXByB.vec_o) = 02F8
Symbol: @vectrexExitLoop\0186 (crt.vec_o) = 0075
Symbol: @zeroExtBitLoop\014 (rightShiftDWordAtXByB.vec_o) = 0315
Symbol: Abs_a_b (vectrex_bios.vec_o) = F919
Symbol: Abs_b (vectrex_bios.vec_o) = F920
Symbol: Add_Score_a (vectrex_bios.vec_o) = FBF3
Symbol: Add_Score_d (vectrex_bios.vec_o) = FC11
Symbol: Bitmask_a (vectrex_bios.vec_o) = F913
Symbol: CHROUT (crt.vec_o) = C8AF
Symbol: Char_Table (vectrex_bios.vec_o) = FD89
Symbol: Char_Table_End (vectrex_bios.vec_o) = FF69
Symbol: Check0Ref (vectrex_bios.vec_o) = F6E4
Symbol: Clear_C8_RAM (vectrex_bios.vec_o) = F8D7
Symbol: Clear_Score (vectrex_bios.vec_o) = FBE4
Symbol: Clear_Sound (vectrex_bios.vec_o) = F607
Symbol: Clear_x_256 (vectrex_bios.vec_o) = F8DA
Symbol: Clear_x_b (vectrex_bios.vec_o) = F8D4
Symbol: Clear_x_b_80 (vectrex_bios.vec_o) = F8E5
Symbol: Clear_x_b_a (vectrex_bios.vec_o) = F8E7
Symbol: Clear_x_d (vectrex_bios.vec_o) = F8DD
Symbol: Cold_Start (vectrex_bios.vec_o) = F395
Symbol: Compare_Score (vectrex_bios.vec_o) = FC5C
Symbol: D16010 (DIV16.vec_o) = 0141
Symbol: D16020 (DIV16.vec_o) = 0152
Symbol: D16030 (DIV16.vec_o) = 0154
Symbol: DIV16 (DIV16.vec_o) = 0137
Symbol: DP_to_C8 (vectrex_bios.vec_o) = F544
Symbol: DP_to_D0 (vectrex_bios.vec_o) = F53F
Symbol: Dec_3_Counters (vectrex_bios.vec_o) = F8EF
Symbol: Dec_6_Counters (vectrex_bios.vec_o) = F8F3
Symbol: Dec_Counters (vectrex_bios.vec_o) = F8F8
Symbol: Delay_0 (vectrex_bios.vec_o) = F90E
Symbol: Delay_1 (vectrex_bios.vec_o) = F90A
Symbol: Delay_2 (vectrex_bios.vec_o) = F906
Symbol: Delay_3 (vectrex_bios.vec_o) = F902
Symbol: Delay_RTS (vectrex_bios.vec_o) = F912
Symbol: Delay_b (vectrex_bios.vec_o) = F90F
Symbol: Do_Sound (vectrex_bios.vec_o) = F61E
Symbol: Do_Sound_x (vectrex_bios.vec_o) = F621
Symbol: Dot_List (vectrex_bios.vec_o) = F66A
Symbol: Dot_List_Reset (vectrex_bios.vec_o) = F673
Symbol: Dot_d (vectrex_bios.vec_o) = F658
Symbol: Dot_here (vectrex_bios.vec_o) = F65A
Symbol: Dot_ix (vectrex_bios.vec_o) = F656
Symbol: Dot_ix_b (vectrex_bios.vec_o) = F653
Symbol: Draw_Grid_VL (vectrex_bios.vec_o) = 10334
Symbol: Draw_Line_d (vectrex_bios.vec_o) = F774
Symbol: Draw_Pat_VL (vectrex_bios.vec_o) = F7CC
Symbol: Draw_Pat_VL_a (vectrex_bios.vec_o) = F7C9
Symbol: Draw_Pat_VL_d (vectrex_bios.vec_o) = F7CE
Symbol: Draw_VL (vectrex_bios.vec_o) = F772
Symbol: Draw_VL_a (vectrex_bios.vec_o) = F76F
Symbol: Draw_VL_ab (vectrex_bios.vec_o) = F76D
Symbol: Draw_VL_b (vectrex_bios.vec_o) = F767
Symbol: Draw_VL_mode (vectrex_bios.vec_o) = F803
Symbol: Draw_VLc (vectrex_bios.vec_o) = F763
Symbol: Draw_VLcs (vectrex_bios.vec_o) = F76B
Symbol: Draw_VLp (vectrex_bios.vec_o) = F7A5
Symbol: Draw_VLp_7F (vectrex_bios.vec_o) = F79D
Symbol: Draw_VLp_FF (vectrex_bios.vec_o) = F799
Symbol: Draw_VLp_b (vectrex_bios.vec_o) = F7A3
Symbol: Draw_VLp_scale (vectrex_bios.vec_o) = F7A1
Symbol: Explosion_Snd (vectrex_bios.vec_o) = FCC3
Symbol: Get_Rise_Idx (vectrex_bios.vec_o) = F96E
Symbol: Get_Rise_Run (vectrex_bios.vec_o) = F984
Symbol: Get_Run_Idx (vectrex_bios.vec_o) = F970
Symbol: INILIB (crt.vec_o) = 0023
Symbol: INISTK (crt.vec_o) = C8A5
Symbol: INITGL (main.o) = 1E39
Symbol: Init_Music (vectrex_bios.vec_o) = FA22
Symbol: Init_Music_Buf (vectrex_bios.vec_o) = F8C8
Symbol: Init_Music_chk (vectrex_bios.vec_o) = FA1C
Symbol: Init_Music_x (vectrex_bios.vec_o) = FA27
Symbol: Init_OS (vectrex_bios.vec_o) = F520
Symbol: Init_OS_RAM (vectrex_bios.vec_o) = F4F9
Symbol: Init_VIA (vectrex_bios.vec_o) = F4E1
Symbol: Intensity_1F (vectrex_bios.vec_o) = F632
Symbol: Intensity_3F (vectrex_bios.vec_o) = F636
Symbol: Intensity_5F (vectrex_bios.vec_o) = F63A
Symbol: Intensity_7F (vectrex_bios.vec_o) = F63E
Symbol: Intensity_a (vectrex_bios.vec_o) = F640
Symbol: Joy_Analog (vectrex_bios.vec_o) = F58A
Symbol: Joy_Digital (vectrex_bios.vec_o) = F58D
Symbol: L00032 (terminal.o) = 1D61
Symbol: L00033 (terminal.o) = 1D83
Symbol: L00037 (terminal.o) = 1DA9
Symbol: L00039 (terminal.o) = 1DD3
Symbol: L00040 (terminal.o) = 1E1A
Symbol: L00042 (main.o) = 0A22
Symbol: L00042 (terminal.o) = 1E2D
Symbol: L00043 (main.o) = 0A74
Symbol: L00044 (main.o) = 0B46
Symbol: L00044 (terminal.o) = 1E13
Symbol: L00045 (main.o) = 0B83
Symbol: L00051 (main.o) = 1342
Symbol: L00052 (main.o) = 154B
Symbol: L00114 (main.o) = 07EF
Symbol: L00117 (main.o) = 081B
Symbol: L00120 (main.o) = 0877
Symbol: L00123 (main.o) = 08A0
Symbol: L00126 (main.o) = 08D7
Symbol: L00128 (main.o) = 08EE
Symbol: L00129 (main.o) = 0962
Symbol: L00133 (main.o) = 09C4
Symbol: L00135 (main.o) = 09B7
Symbol: L00136 (main.o) = 0990
Symbol: L00137 (main.o) = 0992
Symbol: L00138 (main.o) = 099E
Symbol: L00139 (main.o) = 09A0
Symbol: L00141 (main.o) = 0A22
Symbol: L00143 (main.o) = 0A19
Symbol: L00146 (main.o) = 0A38
Symbol: L00148 (main.o) = 0A6C
Symbol: L00149 (main.o) = 0A72
Symbol: L00150 (main.o) = 0A5F
Symbol: L00155 (main.o) = 0A95
Symbol: L00160 (main.o) = 0AA9
Symbol: L00161 (main.o) = 0ADA
Symbol: L00164 (main.o) = 0AF7
Symbol: L00166 (main.o) = 0B0D
Symbol: L00167 (main.o) = 0B3F
Symbol: L00169 (main.o) = 0B54
Symbol: L00170 (main.o) = 0B7C
Symbol: L00174 (main.o) = 0B7A
Symbol: L00177 (main.o) = 0BCE
Symbol: L00178 (main.o) = 0BEE
Symbol: L00180 (main.o) = 0C49
Symbol: L00181 (main.o) = 0C69
Symbol: L00183 (main.o) = 0CC4
Symbol: L00184 (main.o) = 0CE4
Symbol: L00186 (main.o) = 0D74
Symbol: L00187 (main.o) = 0D94
Symbol: L00189 (main.o) = 0DEF
Symbol: L00190 (main.o) = 0E0F
Symbol: L00193 (main.o) = 0E40
Symbol: L00194 (main.o) = 0E84
Symbol: L00196 (main.o) = 0E56
Symbol: L00197 (main.o) = 0E84
Symbol: L00199 (main.o) = 0E71
Symbol: L00200 (main.o) = 0E84
Symbol: L00201 (main.o) = 0F29
Symbol: L00202 (main.o) = 0F45
Symbol: L00204 (main.o) = 0F58
Symbol: L00205 (main.o) = 0F74
Symbol: L00207 (main.o) = 0F87
Symbol: L00208 (main.o) = 0FA3
Symbol: L00210 (main.o) = 0FB6
Symbol: L00211 (main.o) = 0FD2
Symbol: L00214 (main.o) = 1005
Symbol: L00217 (main.o) = 101B
Symbol: L00220 (main.o) = 11FC
Symbol: L00222 (main.o) = 130A
Symbol: L00223 (main.o) = 1319
Symbol: L00227 (main.o) = 1326
Symbol: L00230 (main.o) = 1333
Symbol: L00240 (main.o) = 13B2
Symbol: L00241 (main.o) = 144E
Symbol: L00245 (main.o) = 13F1
Symbol: L00246 (main.o) = 144B
Symbol: L00247 (main.o) = 1464
Symbol: L00248 (main.o) = 1542
Symbol: L00249 (main.o) = 153F
Symbol: L00258 (main.o) = 14F5
Symbol: L00259 (main.o) = 150E
Symbol: L00262 (main.o) = 1664
Symbol: L00263 (main.o) = 162C
Symbol: L00264 (main.o) = 162E
Symbol: L00265 (main.o) = 16A9
Symbol: L00266 (main.o) = 1671
Symbol: L00267 (main.o) = 1673
Symbol: L00268 (main.o) = 16EE
Symbol: L00269 (main.o) = 16B6
Symbol: L00270 (main.o) = 16B8
Symbol: L00271 (main.o) = 1732
Symbol: L00272 (main.o) = 16FA
Symbol: L00273 (main.o) = 16FC
Symbol: L00274 (main.o) = 1776
Symbol: L00275 (main.o) = 173E
Symbol: L00276 (main.o) = 1740
Symbol: L00277 (main.o) = 17BA
Symbol: L00278 (main.o) = 1782
Symbol: L00279 (main.o) = 1784
Symbol: L00280 (main.o) = 17C7
Symbol: L00281 (main.o) = 17C9
Symbol: L00282 (main.o) = 17DD
Symbol: L00283 (main.o) = 17DF
Symbol: L00284 (main.o) = 17F3
Symbol: L00285 (main.o) = 17F5
Symbol: L00286 (main.o) = 1802
Symbol: L00287 (main.o) = 1804
Symbol: L00288 (main.o) = 1811
Symbol: L00289 (main.o) = 1813
Symbol: L00290 (main.o) = 1827
Symbol: L00291 (main.o) = 1829
Symbol: L00292 (main.o) = 1834
Symbol: L00293 (main.o) = 1834
Symbol: L00294 (main.o) = 183F
Symbol: L00295 (main.o) = 183F
Symbol: L00296 (main.o) = 1849
Symbol: L00297 (main.o) = 1849
Symbol: L00298 (main.o) = 1853
Symbol: L00299 (main.o) = 1853
Symbol: L00300 (main.o) = 185D
Symbol: L00301 (main.o) = 185D
Symbol: L00302 (main.o) = 1867
Symbol: L00303 (main.o) = 1867
Symbol: L00305 (main.o) = 1885
Symbol: L00310 (main.o) = 18A2
Symbol: L00315 (main.o) = 18C0
Symbol: L00320 (main.o) = 18E0
Symbol: L00325 (main.o) = 1900
Symbol: L00330 (main.o) = 1920
Symbol: L00335 (main.o) = 1940
Symbol: L00340 (main.o) = 1960
Symbol: L00345 (main.o) = 1AA6
Symbol: L00348 (main.o) = 1AFC
Symbol: L00351 (main.o) = 1B53
Symbol: L00353 (main.o) = 1B98
Symbol: L00354 (main.o) = 1D4C
Symbol: L00357 (main.o) = 1C90
Symbol: L00360 (main.o) = 1CA3
Symbol: L00363 (main.o) = 1CBF
Symbol: L00367 (main.o) = 1CDB
Symbol: L00371 (main.o) = 1CF6
Symbol: L00374 (main.o) = 1D12
Symbol: L00377 (main.o) = 1D2D
Symbol: L00380 (main.o) = 1D49
Symbol: LBUFMX (vectrex_bios.vec_o) = 048F
Symbol: LF4A5 (vectrex_bios.vec_o) = 0488
Symbol: LF4C7 (vectrex_bios.vec_o) = 04AA
Symbol: LF4CB (vectrex_bios.vec_o) = 04AE
Symbol: LF4EB (vectrex_bios.vec_o) = 04CE
Symbol: LF50A (vectrex_bios.vec_o) = 04ED
Symbol: MUL16 (MUL16.vec_o) = 01D1
Symbol: MUL16BY10 (MUL16BY10.vec_o) = 01E9
Symbol: MUL32 (MUL32.vec_o) = 01F4
Symbol: Mov_Draw_VL (vectrex_bios.vec_o) = F751
Symbol: Mov_Draw_VL_a (vectrex_bios.vec_o) = F74E
Symbol: Mov_Draw_VL_ab (vectrex_bios.vec_o) = F74C
Symbol: Mov_Draw_VL_b (vectrex_bios.vec_o) = F746
Symbol: Mov_Draw_VL_d (vectrex_bios.vec_o) = F753
Symbol: Mov_Draw_VLc_a (vectrex_bios.vec_o) = F742
Symbol: Mov_Draw_VLcs (vectrex_bios.vec_o) = F74A
Symbol: Move_Mem_a (vectrex_bios.vec_o) = FA18
Symbol: Move_Mem_a_1 (vectrex_bios.vec_o) = FA14
Symbol: Moveto_d (vectrex_bios.vec_o) = F6A7
Symbol: Moveto_d_7F (vectrex_bios.vec_o) = F691
Symbol: Moveto_ix (vectrex_bios.vec_o) = F6A5
Symbol: Moveto_ix_7F (vectrex_bios.vec_o) = F6A1
Symbol: Moveto_ix_FF (vectrex_bios.vec_o) = F69D
Symbol: Moveto_ix_b (vectrex_bios.vec_o) = F6A3
Symbol: Moveto_x_7F (vectrex_bios.vec_o) = F687
Symbol: New_High_Score (vectrex_bios.vec_o) = FC6D
Symbol: Obj_Hit (vectrex_bios.vec_o) = FC94
Symbol: Obj_Will_Hit (vectrex_bios.vec_o) = FC88
Symbol: Obj_Will_Hit_u (vectrex_bios.vec_o) = FC7A
Symbol: PUTCHR (crt.vec_o) = 0078
Symbol: Print_List (vectrex_bios.vec_o) = F71F
Symbol: Print_List_chk (vectrex_bios.vec_o) = F721
Symbol: Print_List_hw (vectrex_bios.vec_o) = F71A
Symbol: Print_Ships (vectrex_bios.vec_o) = F728
Symbol: Print_Ships_x (vectrex_bios.vec_o) = F726
Symbol: Print_Str (vectrex_bios.vec_o) = F82A
Symbol: Print_Str_d (vectrex_bios.vec_o) = F70F
Symbol: Print_Str_hwyx (vectrex_bios.vec_o) = F708
Symbol: Print_Str_yx (vectrex_bios.vec_o) = F70D
Symbol: Random (vectrex_bios.vec_o) = F8AC
Symbol: Random_3 (vectrex_bios.vec_o) = F8A6
Symbol: Read_Btns (vectrex_bios.vec_o) = F54F
Symbol: Read_Btns_Mask (vectrex_bios.vec_o) = F549
Symbol: Recalibrate (vectrex_bios.vec_o) = F67B
Symbol: Reset0Int (vectrex_bios.vec_o) = F700
Symbol: Reset0Ref (vectrex_bios.vec_o) = F6E9
Symbol: Reset0Ref_D0 (vectrex_bios.vec_o) = F6DF
Symbol: Reset_Pen (vectrex_bios.vec_o) = F6F0
Symbol: Rise_Run_Angle (vectrex_bios.vec_o) = F928
Symbol: Rise_Run_Len (vectrex_bios.vec_o) = F998
Symbol: Rise_Run_X (vectrex_bios.vec_o) = F994
Symbol: Rise_Run_Y (vectrex_bios.vec_o) = F996
Symbol: Rot_VL (vectrex_bios.vec_o) = F9AB
Symbol: Rot_VL_Mode (vectrex_bios.vec_o) = F9C0
Symbol: Rot_VL_Mode_a (vectrex_bios.vec_o) = F9B4
Symbol: Rot_VL_ab (vectrex_bios.vec_o) = F9A5
Symbol: Rot_VL_dft (vectrex_bios.vec_o) = F9CC
Symbol: S00057 (main.o) = 1E3A
Symbol: SDIV16 (SDIV16.vec_o) = 0322
Symbol: SDIV16_10 (SDIV16.vec_o) = 0334
Symbol: SDIV16_20 (SDIV16.vec_o) = 0343
Symbol: SDIV16_30 (SDIV16.vec_o) = 0357
Symbol: SDIV16_40 (SDIV16.vec_o) = 0360
Symbol: Select_Game (vectrex_bios.vec_o) = FB3E
Symbol: Set_Refresh (vectrex_bios.vec_o) = F537
Symbol: Sound_Byte (vectrex_bios.vec_o) = F5EB
Symbol: Sound_Byte_raw (vectrex_bios.vec_o) = F5F0
Symbol: Sound_Byte_x (vectrex_bios.vec_o) = F5EE
Symbol: Sound_Bytes (vectrex_bios.vec_o) = F612
Symbol: Sound_Bytes_x (vectrex_bios.vec_o) = F619
Symbol: Strip_Zeros (vectrex_bios.vec_o) = FC4C
Symbol: VIA_DDR_a (vectrex_bios.vec_o) = D398
Symbol: VIA_DDR_b (vectrex_bios.vec_o) = D397
Symbol: VIA_aux_cntl (vectrex_bios.vec_o) = D3A0
Symbol: VIA_cntl (vectrex_bios.vec_o) = D3A1
Symbol: VIA_int_enable (vectrex_bios.vec_o) = D3A3
Symbol: VIA_int_flags (vectrex_bios.vec_o) = D3A2
Symbol: VIA_port_a (vectrex_bios.vec_o) = D396
Symbol: VIA_port_a_nohs (vectrex_bios.vec_o) = D3A4
Symbol: VIA_port_b (vectrex_bios.vec_o) = D395
Symbol: VIA_shift_reg (vectrex_bios.vec_o) = D39F
Symbol: VIA_t1_cnt_hi (vectrex_bios.vec_o) = D39A
Symbol: VIA_t1_cnt_lo (vectrex_bios.vec_o) = D399
Symbol: VIA_t1_lch_hi (vectrex_bios.vec_o) = D39C
Symbol: VIA_t1_lch_lo (vectrex_bios.vec_o) = D39B
Symbol: VIA_t2_hi (vectrex_bios.vec_o) = D39E
Symbol: VIA_t2_lo (vectrex_bios.vec_o) = D39D
Symbol: Vec_0Ref_Enable (vectrex_bios.vec_o) = CBB9
Symbol: Vec_ADSR_Table (vectrex_bios.vec_o) = CBE4
Symbol: Vec_ADSR_Timers (vectrex_bios.vec_o) = CBF3
Symbol: Vec_Angle (vectrex_bios.vec_o) = CBCB
Symbol: Vec_Brightness (vectrex_bios.vec_o) = CBBC
Symbol: Vec_Btn_State (vectrex_bios.vec_o) = CBA4
Symbol: Vec_Button_1_1 (vectrex_bios.vec_o) = CBA7
Symbol: Vec_Button_1_2 (vectrex_bios.vec_o) = CBA8
Symbol: Vec_Button_1_3 (vectrex_bios.vec_o) = CBA9
Symbol: Vec_Button_1_4 (vectrex_bios.vec_o) = CBAA
Symbol: Vec_Button_2_1 (vectrex_bios.vec_o) = CBAB
Symbol: Vec_Button_2_2 (vectrex_bios.vec_o) = CBAC
Symbol: Vec_Button_2_3 (vectrex_bios.vec_o) = CBAD
Symbol: Vec_Button_2_4 (vectrex_bios.vec_o) = CBAE
Symbol: Vec_Buttons (vectrex_bios.vec_o) = CBA6
Symbol: Vec_Cold_Flag (vectrex_bios.vec_o) = CF93
Symbol: Vec_Counter_1 (vectrex_bios.vec_o) = CBC3
Symbol: Vec_Counter_2 (vectrex_bios.vec_o) = CBC4
Symbol: Vec_Counter_3 (vectrex_bios.vec_o) = CBC5
Symbol: Vec_Counter_4 (vectrex_bios.vec_o) = CBC6
Symbol: Vec_Counter_5 (vectrex_bios.vec_o) = CBC7
Symbol: Vec_Counter_6 (vectrex_bios.vec_o) = CBC8
Symbol: Vec_Counters (vectrex_bios.vec_o) = CBC3
Symbol: Vec_Default_Stk (vectrex_bios.vec_o) = CF7F
Symbol: Vec_Dot_Dwell (vectrex_bios.vec_o) = CBBD
Symbol: Vec_Duration (vectrex_bios.vec_o) = CBEC
Symbol: Vec_Expl_1 (vectrex_bios.vec_o) = CBED
Symbol: Vec_Expl_2 (vectrex_bios.vec_o) = CBEE
Symbol: Vec_Expl_3 (vectrex_bios.vec_o) = CBEF
Symbol: Vec_Expl_4 (vectrex_bios.vec_o) = CBF0
Symbol: Vec_Expl_Chan (vectrex_bios.vec_o) = CBF1
Symbol: Vec_Expl_ChanA (vectrex_bios.vec_o) = CBE8
Symbol: Vec_Expl_ChanB (vectrex_bios.vec_o) = CBF2
Symbol: Vec_Expl_Chans (vectrex_bios.vec_o) = CBE9
Symbol: Vec_Expl_Flag (vectrex_bios.vec_o) = CBFC
Symbol: Vec_Expl_Timer (vectrex_bios.vec_o) = CC0C
Symbol: Vec_FIRQ_Vector (vectrex_bios.vec_o) = CF8A
Symbol: Vec_Freq_Table (vectrex_bios.vec_o) = CBE2
Symbol: Vec_High_Score (vectrex_bios.vec_o) = CF80
Symbol: Vec_IRQ_Vector (vectrex_bios.vec_o) = CF8D
Symbol: Vec_Joy_1_X (vectrex_bios.vec_o) = CBB0
Symbol: Vec_Joy_1_Y (vectrex_bios.vec_o) = CBB1
Symbol: Vec_Joy_2_X (vectrex_bios.vec_o) = CBB2
Symbol: Vec_Joy_2_Y (vectrex_bios.vec_o) = CBB3
Symbol: Vec_Joy_Mux (vectrex_bios.vec_o) = CBB4
Symbol: Vec_Joy_Mux_1_X (vectrex_bios.vec_o) = CBB4
Symbol: Vec_Joy_Mux_1_Y (vectrex_bios.vec_o) = CBB5
Symbol: Vec_Joy_Mux_2_X (vectrex_bios.vec_o) = CBB6
Symbol: Vec_Joy_Mux_2_Y (vectrex_bios.vec_o) = CBB7
Symbol: Vec_Joy_Resltn (vectrex_bios.vec_o) = CBAF
Symbol: Vec_Loop_Count (vectrex_bios.vec_o) = CBBA
Symbol: Vec_Max_Games (vectrex_bios.vec_o) = CBE5
Symbol: Vec_Max_Players (vectrex_bios.vec_o) = CBE4
Symbol: Vec_Misc_Count (vectrex_bios.vec_o) = CBB8
Symbol: Vec_Music_Chan (vectrex_bios.vec_o) = CBEA
Symbol: Vec_Music_Flag (vectrex_bios.vec_o) = CBEB
Symbol: Vec_Music_Freq (vectrex_bios.vec_o) = CBF6
Symbol: Vec_Music_Ptr (vectrex_bios.vec_o) = CBE8
Symbol: Vec_Music_Twang (vectrex_bios.vec_o) = CBED
Symbol: Vec_Music_Wk_1 (vectrex_bios.vec_o) = CBE0
Symbol: Vec_Music_Wk_5 (vectrex_bios.vec_o) = CBDC
Symbol: Vec_Music_Wk_6 (vectrex_bios.vec_o) = CBDB
Symbol: Vec_Music_Wk_7 (vectrex_bios.vec_o) = CBDA
Symbol: Vec_Music_Wk_A (vectrex_bios.vec_o) = CBD7
Symbol: Vec_Music_Work (vectrex_bios.vec_o) = CBD4
Symbol: Vec_NMI_Vector (vectrex_bios.vec_o) = CF90
Symbol: Vec_Num_Game (vectrex_bios.vec_o) = CC0F
Symbol: Vec_Num_Players (vectrex_bios.vec_o) = CC0E
Symbol: Vec_Pattern (vectrex_bios.vec_o) = CBBE
Symbol: Vec_Prev_Btns (vectrex_bios.vec_o) = CBA5
Symbol: Vec_Random_Seed (vectrex_bios.vec_o) = CC12
Symbol: Vec_Rfrsh (vectrex_bios.vec_o) = CBD2
Symbol: Vec_Rfrsh_hi (vectrex_bios.vec_o) = CBD3
Symbol: Vec_Rfrsh_lo (vectrex_bios.vec_o) = CBD2
Symbol: Vec_RiseRun_Len (vectrex_bios.vec_o) = CBD0
Symbol: Vec_RiseRun_Tmp (vectrex_bios.vec_o) = CBC9
Symbol: Vec_Rise_Index (vectrex_bios.vec_o) = CBCE
Symbol: Vec_Run_Index (vectrex_bios.vec_o) = CBCC
Symbol: Vec_SWI2_Vector (vectrex_bios.vec_o) = CF87
Symbol: Vec_SWI3_Vector (vectrex_bios.vec_o) = CF87
Symbol: Vec_SWI_Vector (vectrex_bios.vec_o) = CF90
Symbol: Vec_Seed_Ptr (vectrex_bios.vec_o) = CC10
Symbol: Vec_Snd_Shadow (vectrex_bios.vec_o) = CB95
Symbol: Vec_Str_Ptr (vectrex_bios.vec_o) = CBC1
Symbol: Vec_Text_HW (vectrex_bios.vec_o) = CBBF
Symbol: Vec_Text_Height (vectrex_bios.vec_o) = CBBF
Symbol: Vec_Text_Width (vectrex_bios.vec_o) = CBC0
Symbol: Vec_Twang_Table (vectrex_bios.vec_o) = CBE6
Symbol: Wait_Recal (vectrex_bios.vec_o) = F527
Symbol: Warm_Start (vectrex_bios.vec_o) = F401
Symbol: Xform_Rise (vectrex_bios.vec_o) = F9F8
Symbol: Xform_Rise_a (vectrex_bios.vec_o) = F9F6
Symbol: Xform_Run (vectrex_bios.vec_o) = F9F2
Symbol: Xform_Run_a (vectrex_bios.vec_o) = F9F0
Symbol: _GetSin (main.o) = 0E28
Symbol: _MovePlayer (main.o) = 0EDD
Symbol: _SearchThroughArray (main.o) = 0B4A
Symbol: _UpdateDirections (main.o) = 0E88
Symbol: _build_position_string (main.o) = 0B87
Symbol: _build_rotation_string (main.o) = 0CFD
Symbol: _cast_ray_down_from_player (main.o) = 1B5F
Symbol: _clear_mul_caches (main.o) = 08E2
Symbol: _cold_start (vectrex_bios.vec_o) = 05F2
Symbol: _cosu (main.o) = C954
Symbol: _cosv (main.o) = C950
Symbol: _createcubeat (main.o) = 154F
Symbol: _currentLine (terminal.o) = C8A3
Symbol: _decimalx (main.o) = C89B
Symbol: _decimalz (main.o) = C89F
Symbol: _division (main.o) = 0A26
Symbol: _dot (vectrex_bios.vec_o) = 04FA
Symbol: _dots (vectrex_bios.vec_o) = 050C
Symbol: _drawcube (main.o) = 1346
Symbol: _dxCosCache (main.o) = C8E4
Symbol: _dxSinCache (main.o) = C8B4
Symbol: _dyCosCache (main.o) = C914
Symbol: _dySinCache (main.o) = C92C
Symbol: _dzCosCache (main.o) = C8CC
Symbol: _dzSinCache (main.o) = C8FC
Symbol: _exit (crt.vec_o) = 0072
Symbol: _get_cached_mul8 (main.o) = 096E
Symbol: _init_os (vectrex_bios.vec_o) = 0602
Symbol: _init_os_ram (vectrex_bios.vec_o) = 05FE
Symbol: _init_via (vectrex_bios.vec_o) = 05FA
Symbol: _int_to_string (main.o) = 0A78
Symbol: _intensity (vectrex_bios.vec_o) = 0428
Symbol: _line (vectrex_bios.vec_o) = 053F
Symbol: _lines (vectrex_bios.vec_o) = 0551
Symbol: _main (main.o) = 1B67
Symbol: _move (vectrex_bios.vec_o) = 052D
Symbol: _mul16x16 (main.o) = 068F
Symbol: _mul16x16_u (main.o) = 0785
Symbol: _mul16x8 (main.o) = 061D
Symbol: _mul16x8_u (main.o) = 074C
Symbol: _mul8 (mul.o) = 1E31
Symbol: _mul8_u (main.o) = 0713
Symbol: _mul_signed (main.o) = 0846
Symbol: _mul_unsigned_neg (main.o) = 07BD
Symbol: _music_check (vectrex_bios.vec_o) = 05B2
Symbol: _music_get_flag (vectrex_bios.vec_o) = 05A1
Symbol: _music_play (vectrex_bios.vec_o) = 05C6
Symbol: _music_set_flag (vectrex_bios.vec_o) = 0594
Symbol: _pattern_lines (vectrex_bios.vec_o) = 0564
Symbol: _playerposition (main.o) = C944
Symbol: _playerrotation (main.o) = C94A
Symbol: _prepare_vertices (main.o) = 1B57
Symbol: _print_str (vectrex_bios.vec_o) = 044B
Symbol: _print_str_c (vectrex_bios.vec_o) = 0463
Symbol: _project_point (main.o) = 0FE7
Symbol: _random (vectrex_bios.vec_o) = 05E1
Symbol: _random_seed (vectrex_bios.vec_o) = 05CA
Symbol: _read_buttons (vectrex_bios.vec_o) = 0395
Symbol: _read_joystick (vectrex_bios.vec_o) = 03A9
Symbol: _recip_table (main.o) = 1E9A
Symbol: _reset_beam (vectrex_bios.vec_o) = 0435
Symbol: _rotate (vectrex_bios.vec_o) = 057C
Symbol: _set_refresh (vectrex_bios.vec_o) = 0606
Symbol: _set_scale (vectrex_bios.vec_o) = 0521
Symbol: _set_text_size (vectrex_bios.vec_o) = 0439
Symbol: _sin_table (main.o) = 1E5A
Symbol: _sinu (main.o) = C952
Symbol: _sinv (main.o) = C94E
Symbol: _terminalContent (terminal.o) = C956
Symbol: _terminal_print (terminal.o) = 1D99
Symbol: _terminal_render (terminal.o) = 1DC7
Symbol: _terminal_scroll (terminal.o) = 1D55
Symbol: _wait_retrace (vectrex_bios.vec_o) = 0424
Symbol: _warm_start (vectrex_bios.vec_o) = 05F6
Symbol: _world (main.o) = C880
Symbol: addDWordDWord (addDWordDWord.vec_o) = 0079
Symbol: addDWordInt (addDWordInt.vec_o) = 0090
Symbol: bss_end (main.o) = C956
Symbol: bss_end (terminal.o) = C96A
Symbol: bss_end (vectrex_bios.vec_o) = C8B4
Symbol: bss_start (main.o) = C8B4
Symbol: bss_start (terminal.o) = C956
Symbol: bss_start (vectrex_bios.vec_o) = C8B4
Symbol: cmpDWordDWord (cmpDWordDWord.vec_o) = 00AB
Symbol: cmpDWordSignedInt (cmpDWordSignedInt.vec_o) = 00EA
Symbol: constructors (crt.vec_o) = 1E37
Symbol: copyDWord (copyDWord.vec_o) = 0104
Symbol: copyDWordFromXToD (copyDWordFromXToD.vec_o) = 0112
Symbol: copyMem (copyMem.vec_o) = 0120
Symbol: destructors (crt.vec_o) = 1E38
Symbol: end_of_sbrk_mem (crt.vec_o) = C8AB
Symbol: funcend_GetSin (main.o) = 0E88
Symbol: funcend_MovePlayer (main.o) = 0FE7
Symbol: funcend_SearchThroughArray (main.o) = 0B87
Symbol: funcend_UpdateDirections (main.o) = 0EDD
Symbol: funcend_build_position_string (main.o) = 0CFD
Symbol: funcend_build_rotation_string (main.o) = 0E28
Symbol: funcend_cast_ray_down_from_player (main.o) = 1B67
Symbol: funcend_clear_mul_caches (main.o) = 096E
Symbol: funcend_cold_start (vectrex_bios.vec_o) = 05F6
Symbol: funcend_createcubeat (main.o) = 1B57
Symbol: funcend_division (main.o) = 0A78
Symbol: funcend_dot (vectrex_bios.vec_o) = 050C
Symbol: funcend_dots (vectrex_bios.vec_o) = 0521
Symbol: funcend_drawcube (main.o) = 154F
Symbol: funcend_get_cached_mul8 (main.o) = 0A26
Symbol: funcend_init_os (vectrex_bios.vec_o) = 0606
Symbol: funcend_init_os_ram (vectrex_bios.vec_o) = 0602
Symbol: funcend_init_via (vectrex_bios.vec_o) = 05FE
Symbol: funcend_int_to_string (main.o) = 0B4A
Symbol: funcend_intensity (vectrex_bios.vec_o) = 0435
Symbol: funcend_line (vectrex_bios.vec_o) = 0551
Symbol: funcend_lines (vectrex_bios.vec_o) = 0564
Symbol: funcend_main (main.o) = 1D55
Symbol: funcend_move (vectrex_bios.vec_o) = 053F
Symbol: funcend_mul16x16 (main.o) = 0713
Symbol: funcend_mul16x16_u (main.o) = 07BD
Symbol: funcend_mul16x8 (main.o) = 068F
Symbol: funcend_mul16x8_u (main.o) = 0785
Symbol: funcend_mul8_u (main.o) = 074C
Symbol: funcend_mul_signed (main.o) = 08E2
Symbol: funcend_mul_unsigned_neg (main.o) = 0846
Symbol: funcend_music_check (vectrex_bios.vec_o) = 05C6
Symbol: funcend_music_get_flag (vectrex_bios.vec_o) = 05B2
Symbol: funcend_music_play (vectrex_bios.vec_o) = 05CA
Symbol: funcend_music_set_flag (vectrex_bios.vec_o) = 05A1
Symbol: funcend_pattern_lines (vectrex_bios.vec_o) = 057C
Symbol: funcend_prepare_vertices (main.o) = 1B5F
Symbol: funcend_print_str (vectrex_bios.vec_o) = 0463
Symbol: funcend_print_str_c (vectrex_bios.vec_o) = 04FA
Symbol: funcend_project_point (main.o) = 1346
Symbol: funcend_random (vectrex_bios.vec_o) = 05F2
Symbol: funcend_random_seed (vectrex_bios.vec_o) = 05E1
Symbol: funcend_read_buttons (vectrex_bios.vec_o) = 03A9
Symbol: funcend_read_joystick (vectrex_bios.vec_o) = 0424
Symbol: funcend_reset_beam (vectrex_bios.vec_o) = 0439
Symbol: funcend_rotate (vectrex_bios.vec_o) = 0594
Symbol: funcend_set_refresh (vectrex_bios.vec_o) = 061D
Symbol: funcend_set_scale (vectrex_bios.vec_o) = 052D
Symbol: funcend_set_text_size (vectrex_bios.vec_o) = 044B
Symbol: funcend_terminal_print (terminal.o) = 1DC7
Symbol: funcend_terminal_render (terminal.o) = 1E31
Symbol: funcend_terminal_scroll (terminal.o) = 1D99
Symbol: funcend_wait_retrace (vectrex_bios.vec_o) = 0428
Symbol: funcend_warm_start (vectrex_bios.vec_o) = 05FA
Symbol: funcsize_GetSin (main.o) = 067D
Symbol: funcsize_MovePlayer (main.o) = 0727
Symbol: funcsize_SearchThroughArray (main.o) = 065A
Symbol: funcsize_UpdateDirections (main.o) = 0672
Symbol: funcsize_build_position_string (main.o) = 0793
Symbol: funcsize_build_rotation_string (main.o) = 0748
Symbol: funcsize_cast_ray_down_from_player (main.o) = 0625
Symbol: funcsize_clear_mul_caches (main.o) = 06A9
Symbol: funcsize_cold_start (vectrex_bios.vec_o) = 0399
Symbol: funcsize_createcubeat (main.o) = 0C25
Symbol: funcsize_division (main.o) = 066F
Symbol: funcsize_dot (vectrex_bios.vec_o) = 03A7
Symbol: funcsize_dots (vectrex_bios.vec_o) = 03AA
Symbol: funcsize_drawcube (main.o) = 0826
Symbol: funcsize_get_cached_mul8 (main.o) = 06D5
Symbol: funcsize_init_os (vectrex_bios.vec_o) = 0399
Symbol: funcsize_init_os_ram (vectrex_bios.vec_o) = 0399
Symbol: funcsize_init_via (vectrex_bios.vec_o) = 0399
Symbol: funcsize_int_to_string (main.o) = 06EF
Symbol: funcsize_intensity (vectrex_bios.vec_o) = 03A2
Symbol: funcsize_line (vectrex_bios.vec_o) = 03A7
Symbol: funcsize_lines (vectrex_bios.vec_o) = 03A8
Symbol: funcsize_main (main.o) = 080B
Symbol: funcsize_move (vectrex_bios.vec_o) = 03A7
Symbol: funcsize_mul16x16 (main.o) = 06A1
Symbol: funcsize_mul16x16_u (main.o) = 0655
Symbol: funcsize_mul16x8 (main.o) = 068F
Symbol: funcsize_mul16x8_u (main.o) = 0656
Symbol: funcsize_mul8_u (main.o) = 0656
Symbol: funcsize_mul_signed (main.o) = 06B9
Symbol: funcsize_mul_unsigned_neg (main.o) = 06A6
Symbol: funcsize_music_check (vectrex_bios.vec_o) = 03A9
Symbol: funcsize_music_get_flag (vectrex_bios.vec_o) = 03A6
Symbol: funcsize_music_play (vectrex_bios.vec_o) = 0399
Symbol: funcsize_music_set_flag (vectrex_bios.vec_o) = 03A2
Symbol: funcsize_pattern_lines (vectrex_bios.vec_o) = 03AD
Symbol: funcsize_prepare_vertices (main.o) = 0625
Symbol: funcsize_print_str (vectrex_bios.vec_o) = 03AD
Symbol: funcsize_print_str_c (vectrex_bios.vec_o) = 042C
Symbol: funcsize_project_point (main.o) = 097C
Symbol: funcsize_random (vectrex_bios.vec_o) = 03A6
Symbol: funcsize_random_seed (vectrex_bios.vec_o) = 03AC
Symbol: funcsize_read_buttons (vectrex_bios.vec_o) = 03A9
Symbol: funcsize_read_joystick (vectrex_bios.vec_o) = 0410
Symbol: funcsize_reset_beam (vectrex_bios.vec_o) = 0399
Symbol: funcsize_rotate (vectrex_bios.vec_o) = 03AD
Symbol: funcsize_set_refresh (vectrex_bios.vec_o) = 03AC
Symbol: funcsize_set_scale (vectrex_bios.vec_o) = 03A1
Symbol: funcsize_set_text_size (vectrex_bios.vec_o) = 03A7
Symbol: funcsize_terminal_print (terminal.o) = 1D83
Symbol: funcsize_terminal_render (terminal.o) = 1DBF
Symbol: funcsize_terminal_scroll (terminal.o) = 1D99
Symbol: funcsize_wait_retrace (vectrex_bios.vec_o) = 0399
Symbol: funcsize_warm_start (vectrex_bios.vec_o) = 0399
Symbol: initByteFromDWord (initByteFromDWord.vec_o) = 0161
Symbol: initDWordFromSignedWord (initDWordFromSignedWord.vec_o) = 016B
Symbol: initDWordFromUnsignedWord (initDWordFromUnsignedWord.vec_o) = 0175
Symbol: initWordFromDWord (initWordFromDWord.vec_o) = 017C
Symbol: isLongZeroStack (cmpDWordDWord.vec_o) = 00DB
Symbol: l_bss (<synthetic>) = 00C5
Symbol: l_code (<synthetic>) = 1E14
Symbol: l_constructors_end (<synthetic>) = 0001
Symbol: l_constructors_start (<synthetic>) = 0000
Symbol: l_destructors_end (<synthetic>) = 0001
Symbol: l_destructors_start (<synthetic>) = 0000
Symbol: l_initgl (<synthetic>) = 0000
Symbol: l_initgl_end (<synthetic>) = 0001
Symbol: l_initgl_start (<synthetic>) = 0000
Symbol: l_program_end (<synthetic>) = 0000
Symbol: l_rodata (<synthetic>) = 1060
Symbol: l_rwdata (<synthetic>) = 0025
Symbol: l_start (<synthetic>) = 0023
Symbol: leftShiftDWord (leftShiftDWord.vec_o) = 0186
Symbol: leftShiftDWordAtXByB (leftShiftDWordAtXByB.vec_o) = 01A9
Symbol: main_return_address (main.o) = 0020
Symbol: mulDWordInt (mulDWordInt.vec_o) = 025D
Symbol: negateDWord (negateDWord.vec_o) = 0283
Symbol: nop_handler (crt.vec_o) = 0077
Symbol: null_ptr_handler (crt.vec_o) = C8A7
Symbol: program_break (crt.vec_o) = C8AD
Symbol: program_end (main.o) = C96A
Symbol: program_start (main.o) = 0017
Symbol: push4ByteStruct (push4ByteStruct.vec_o) = 029B
Symbol: pushSmallStruct (pushSmallStruct.vec_o) = 02A4
Symbol: read_joystick_1 (vectrex_bios.vec_o) = 03BA
Symbol: read_joystick_2 (vectrex_bios.vec_o) = 03DD
Symbol: read_joystick_check_x (vectrex_bios.vec_o) = 0400
Symbol: read_joystick_check_y (vectrex_bios.vec_o) = 040D
Symbol: read_joystick_down (vectrex_bios.vec_o) = 0417
Symbol: read_joystick_end (vectrex_bios.vec_o) = 041A
Symbol: read_joystick_left (vectrex_bios.vec_o) = 040A
Symbol: read_joystick_x_done (vectrex_bios.vec_o) = 040C
Symbol: read_joystick_y_done (vectrex_bios.vec_o) = 0419
Symbol: rightShiftDWord (rightShiftDWord.vec_o) = 02B1
Symbol: rightShiftDWordAtXByB (rightShiftDWordAtXByB.vec_o) = 02DE
Symbol: s_bss (<synthetic>) = C8A5
Symbol: s_code (<synthetic>) = 0023
Symbol: s_constructors_end (<synthetic>) = 1E37
Symbol: s_constructors_start (<synthetic>) = 1E37
Symbol: s_destructors_end (<synthetic>) = 1E38
Symbol: s_destructors_start (<synthetic>) = 1E38
Symbol: s_initgl (<synthetic>) = 1E39
Symbol: s_initgl_end (<synthetic>) = 1E39
Symbol: s_initgl_start (<synthetic>) = 1E39
Symbol: s_program_end (<synthetic>) = C96A
Symbol: s_rodata (<synthetic>) = 1E3A
Symbol: s_rwdata (<synthetic>) = C880
Symbol: s_start (<synthetic>) = 0000
Symbol: singlePrecisionSize (crt.vec_o) = C8B3
Symbol: stack_overflow_handler (crt.vec_o) = C8A9
Symbol: string_literals_end (main.o) = 1E5A
Symbol: string_literals_end (terminal.o) = 2E9A
Symbol: string_literals_end (vectrex_bios.vec_o) = 1E3A
Symbol: string_literals_start (main.o) = 1E3A
Symbol: string_literals_start (terminal.o) = 2E9A
Symbol: string_literals_start (vectrex_bios.vec_o) = 1E3A
Symbol: sub32Stack (cmpDWordDWord.vec_o) = 00C9
Symbol: subDWordDWord (subDWordDWord.vec_o) = 0363
Symbol: subDWordInt (subDWordInt.vec_o) = 037A
Symbol: unpackSingleAndConvertToASCII_dummy (crt.vec_o) = 006B
Symbol: unpackSingleAndConvertToASCII_hook (crt.vec_o) = C8B1
Symbol: vx_music_1 (vectrex_bios.vec_o) = 100A2
Symbol: vx_music_10 (vectrex_bios.vec_o) = 102D9
Symbol: vx_music_11 (vectrex_bios.vec_o) = 102F7
Symbol: vx_music_12 (vectrex_bios.vec_o) = 1030F
Symbol: vx_music_13 (vectrex_bios.vec_o) = 10324
Symbol: vx_music_2 (vectrex_bios.vec_o) = 100B2
Symbol: vx_music_3 (vectrex_bios.vec_o) = 10116
Symbol: vx_music_4 (vectrex_bios.vec_o) = 10168
Symbol: vx_music_5 (vectrex_bios.vec_o) = 101CD
Symbol: vx_music_6 (vectrex_bios.vec_o) = 1020B
Symbol: vx_music_7 (vectrex_bios.vec_o) = 1025B
Symbol: vx_music_8 (vectrex_bios.vec_o) = 1028D
Symbol: vx_music_9 (vectrex_bios.vec_o) = 102BB
