                      (       terminal.s):00001         * 6809 assembly program generated by cmoc 0.1.98
                      (       terminal.s):00002         
                      (       terminal.s):00003         
                      (       terminal.s):00004                 SECTION code
                      (       terminal.s):00005         
                      (       terminal.s):00006         
                      (       terminal.s):00007         _cold_start     IMPORT
                      (       terminal.s):00008         _dot    IMPORT
                      (       terminal.s):00009         _dots   IMPORT
                      (       terminal.s):00010         _init_os        IMPORT
                      (       terminal.s):00011         _init_os_ram    IMPORT
                      (       terminal.s):00012         _init_via       IMPORT
                      (       terminal.s):00013         _intensity      IMPORT
                      (       terminal.s):00014         _line   IMPORT
                      (       terminal.s):00015         _lines  IMPORT
                      (       terminal.s):00016         _move   IMPORT
                      (       terminal.s):00017         _music_check    IMPORT
                      (       terminal.s):00018         _music_get_flag IMPORT
                      (       terminal.s):00019         _music_play     IMPORT
                      (       terminal.s):00020         _music_set_flag IMPORT
                      (       terminal.s):00021         _pattern_lines  IMPORT
                      (       terminal.s):00022         _print_str      IMPORT
                      (       terminal.s):00023         _print_str_c    IMPORT
                      (       terminal.s):00024         _random IMPORT
                      (       terminal.s):00025         _random_seed    IMPORT
                      (       terminal.s):00026         _read_buttons   IMPORT
                      (       terminal.s):00027         _read_joystick  IMPORT
                      (       terminal.s):00028         _reset_beam     IMPORT
                      (       terminal.s):00029         _rotate IMPORT
                      (       terminal.s):00030         _set_refresh    IMPORT
                      (       terminal.s):00031         _set_scale      IMPORT
                      (       terminal.s):00032         _set_text_size  IMPORT
                      (       terminal.s):00033         _wait_retrace   IMPORT
                      (       terminal.s):00034         _warm_start     IMPORT
                      (       terminal.s):00035         
                      (       terminal.s):00036         
                      (       terminal.s):00037         *******************************************************************************
                      (       terminal.s):00038         
                      (       terminal.s):00039         * FUNCTION terminal_scroll(): defined at terminal.c:8
     0000             (       terminal.s):00040         _terminal_scroll        EQU     *
     0000             (       terminal.s):00041         .static.function.terminal_scroll        EQU     *
                      (       terminal.s):00042         * Prototype: void terminal_scroll(void)
                      (       terminal.s):00043         * Calling convention: 0 (CMOC Default)
0000 3440             (       terminal.s):00044                 PSHS    U
0002 33E4             (       terminal.s):00045                 LEAU    ,S
0004 327E             (       terminal.s):00046                 LEAS    -2,S
                      (       terminal.s):00047         * Local non-static variable(s):
                      (       terminal.s):00048         *     -2,U:    2 bytes: i: int: line 10
                      (       terminal.s):00049         * Line terminal.c:10: for init
                      (       terminal.s):00050         * Line terminal.c:10: init of variable i
0006 4F               (       terminal.s):00051                 CLRA
0007 5F               (       terminal.s):00052                 CLRB
0008 ED5E             (       terminal.s):00053                 STD     -2,U            variable i
000A 2022             (       terminal.s):00054                 BRA     L00033          jump to for condition
     000C             (       terminal.s):00055         L00032  EQU     *
                      (       terminal.s):00056         * Line terminal.c:11: for body
                      (       terminal.s):00057         * Line terminal.c:12: assignment: =
000C EC5E             (       terminal.s):00058                 LDD     -2,U            variable i
000E C30001           (       terminal.s):00059                 ADDD    #$01            1
0011 58               (       terminal.s):00060                 LSLB
0012 49               (       terminal.s):00061                 ROLA
0013 8E0000           (       terminal.s):00062                 LDX     #_terminalContent+0     address of array terminalContent (optim: removePCRIfRelocatabilityNotSupported)
                      (       terminal.s):00063         * optim: optimizeLoadDX
0016 EC8B             (       terminal.s):00064                 LDD     D,X             get r-value (optim: optimizeLoadDX)
0018 3406             (       terminal.s):00065                 PSHS    B,A             right side of assignment
001A EC5E             (       terminal.s):00066                 LDD     -2,U            variable i
001C 58               (       terminal.s):00067                 LSLB
001D 49               (       terminal.s):00068                 ROLA
001E 8E0000           (       terminal.s):00069                 LDX     #_terminalContent+0     address of array terminalContent (optim: removePCRIfRelocatabilityNotSupported)
0021 308B             (       terminal.s):00070                 LEAX    D,X             add offset
0023 3506             (       terminal.s):00071                 PULS    A,B             retrieve value to store
0025 ED84             (       terminal.s):00072                 STD     ,X
                      (       terminal.s):00073         * Useless label L00034 removed
                      (       terminal.s):00074         * Line terminal.c:10: for increment(s)
0027 EC5E             (       terminal.s):00075                 LDD     -2,U
0029 C30001           (       terminal.s):00076                 ADDD    #1
002C ED5E             (       terminal.s):00077                 STD     -2,U
     002E             (       terminal.s):00078         L00033  EQU     *
                      (       terminal.s):00079         * Line terminal.c:10: for condition
002E EC5E             (       terminal.s):00080                 LDD     -2,U            variable i
0030 10830009         (       terminal.s):00081                 CMPD    #$09
0034 2DD6             (       terminal.s):00082                 BLT     L00032
                      (       terminal.s):00083         * optim: branchToNextLocation
                      (       terminal.s):00084         * Useless label L00035 removed
                      (       terminal.s):00085         * Line terminal.c:15: assignment: =
0036 4F               (       terminal.s):00086                 CLRA
0037 5F               (       terminal.s):00087                 CLRB
                      (       terminal.s):00088         * optim: stripUselessPushPull
                      (       terminal.s):00089         * optim: optimizeLeax
                      (       terminal.s):00090         * optim: stripUselessPushPull
0038 FD0000           (       terminal.s):00091                 STD     _terminalContent+18     optim: optimizeLeax (optim: removePCRIfRelocatabilityNotSupported)
                      (       terminal.s):00092         * Line terminal.c:16: assignment: =
003B C609             (       terminal.s):00093                 LDB     #$09            optim: removeAndOrMulAddSub
003D FD0000           (       terminal.s):00094                 STD     _currentLine+0   (optim: removePCRIfRelocatabilityNotSupported)
                      (       terminal.s):00095         * Useless label L00029 removed
0040 32C4             (       terminal.s):00096                 LEAS    ,U
0042 35C0             (       terminal.s):00097                 PULS    U,PC
                      (       terminal.s):00098         * END FUNCTION terminal_scroll(): defined at terminal.c:8
     0044             (       terminal.s):00099         funcend_terminal_scroll EQU *
     0044             (       terminal.s):00100         funcsize_terminal_scroll        EQU     funcend_terminal_scroll-_terminal_scroll
                      (       terminal.s):00101         _terminal_print EXPORT
                      (       terminal.s):00102         
                      (       terminal.s):00103         
                      (       terminal.s):00104         *******************************************************************************
                      (       terminal.s):00105         
                      (       terminal.s):00106         * FUNCTION terminal_print(): defined at terminal.c:19
     0044             (       terminal.s):00107         _terminal_print EQU     *
                      (       terminal.s):00108         * Prototype: void terminal_print(char *)
                      (       terminal.s):00109         * Calling convention: 0 (CMOC Default)
0044 3440             (       terminal.s):00110                 PSHS    U
0046 33E4             (       terminal.s):00111                 LEAU    ,S
                      (       terminal.s):00112         * Formal parameter(s):
                      (       terminal.s):00113         *      4,U:    2 bytes: msg: char *: line 19
                      (       terminal.s):00114         * Line terminal.c:21: if
0048 FC0000           (       terminal.s):00115                 LDD     _currentLine+0  variable currentLine (optim: removePCRIfRelocatabilityNotSupported)
004B 1083000A         (       terminal.s):00116                 CMPD    #$0A
004F 2D03             (       terminal.s):00117                 BLT     L00037           (optim: condBranchOverUncondBranch)
                      (       terminal.s):00118         * optim: condBranchOverUncondBranch
                      (       terminal.s):00119         * Useless label L00036 removed
                      (       terminal.s):00120         * Line terminal.c:22
                      (       terminal.s):00121         * Line terminal.c:23: function call: terminal_scroll()
0051 BD0000           (       terminal.s):00122                 JSR     _terminal_scroll
     0054             (       terminal.s):00123         L00037  EQU     *               else clause of if() started at terminal.c:21
                      (       terminal.s):00124         * Useless label L00038 removed
                      (       terminal.s):00125         * Line terminal.c:26: assignment: =
0054 EC44             (       terminal.s):00126                 LDD     4,U             variable `msg', declared at terminal.c:19
0056 3406             (       terminal.s):00127                 PSHS    B,A             right side of assignment
0058 FC0000           (       terminal.s):00128                 LDD     _currentLine+0  variable currentLine (optim: removePCRIfRelocatabilityNotSupported)
005B 58               (       terminal.s):00129                 LSLB
005C 49               (       terminal.s):00130                 ROLA
005D 8E0000           (       terminal.s):00131                 LDX     #_terminalContent+0     address of array terminalContent (optim: removePCRIfRelocatabilityNotSupported)
0060 308B             (       terminal.s):00132                 LEAX    D,X             add offset
0062 3506             (       terminal.s):00133                 PULS    A,B             retrieve value to store
0064 ED84             (       terminal.s):00134                 STD     ,X
                      (       terminal.s):00135         * Line terminal.c:27: post-increment
0066 BE0000           (       terminal.s):00136                 LDX     _currentLine+0  variable `currentLine', declared at terminal.c:27 (optim: removePCRIfRelocatabilityNotSupported)
0069 3001             (       terminal.s):00137                 LEAX    1,X
006B BF0000           (       terminal.s):00138                 STX     _currentLine+0   (optim: removePCRIfRelocatabilityNotSupported)
                      (       terminal.s):00139         * Useless label L00030 removed
006E 32C4             (       terminal.s):00140                 LEAS    ,U
0070 35C0             (       terminal.s):00141                 PULS    U,PC
                      (       terminal.s):00142         * END FUNCTION terminal_print(): defined at terminal.c:19
     0072             (       terminal.s):00143         funcend_terminal_print  EQU *
     002E             (       terminal.s):00144         funcsize_terminal_print EQU     funcend_terminal_print-_terminal_print
                      (       terminal.s):00145         _terminal_render        EXPORT
                      (       terminal.s):00146         
                      (       terminal.s):00147         
                      (       terminal.s):00148         *******************************************************************************
                      (       terminal.s):00149         
                      (       terminal.s):00150         * FUNCTION terminal_render(): defined at terminal.c:30
     0072             (       terminal.s):00151         _terminal_render        EQU     *
                      (       terminal.s):00152         * Prototype: void terminal_render(void)
                      (       terminal.s):00153         * Calling convention: 0 (CMOC Default)
0072 3440             (       terminal.s):00154                 PSHS    U
0074 33E4             (       terminal.s):00155                 LEAU    ,S
0076 327E             (       terminal.s):00156                 LEAS    -2,S
                      (       terminal.s):00157         * Local non-static variable(s):
                      (       terminal.s):00158         *     -2,U:    2 bytes: i: int: line 32
                      (       terminal.s):00159         * Line terminal.c:32: for init
                      (       terminal.s):00160         * Line terminal.c:32: init of variable i
0078 4F               (       terminal.s):00161                 CLRA
0079 5F               (       terminal.s):00162                 CLRB
007A ED5E             (       terminal.s):00163                 STD     -2,U            variable i
007C 2047             (       terminal.s):00164                 BRA     L00040          jump to for condition
     007E             (       terminal.s):00165         L00039  EQU     *
                      (       terminal.s):00166         * Line terminal.c:33: for body
                      (       terminal.s):00167         * Line terminal.c:34: if
007E EC5E             (       terminal.s):00168                 LDD     -2,U            variable i
0080 58               (       terminal.s):00169                 LSLB
0081 49               (       terminal.s):00170                 ROLA
0082 8E0000           (       terminal.s):00171                 LDX     #_terminalContent+0     address of array terminalContent (optim: removePCRIfRelocatabilityNotSupported)
                      (       terminal.s):00172         * optim: optimizeLoadDX
0085 EC8B             (       terminal.s):00173                 LDD     D,X             get r-value (optim: optimizeLoadDX)
                      (       terminal.s):00174         * optim: loadCmpZeroBeqOrBne
0087 2735             (       terminal.s):00175                 BEQ     L00044           (optim: condBranchOverUncondBranch)
                      (       terminal.s):00176         * optim: condBranchOverUncondBranch
                      (       terminal.s):00177         * Useless label L00043 removed
                      (       terminal.s):00178         * Line terminal.c:35
                      (       terminal.s):00179         * Line terminal.c:36: function call: reset_beam()
0089 BD0000           (       terminal.s):00180                 JSR     _reset_beam
                      (       terminal.s):00181         * Line terminal.c:37: function call: set_text_size()
008C 8E0028           (       terminal.s):00182                 LDX     #$28            decimal 40 signed (optim: optimizeConsecutiveFunctionArguments)
                      (       terminal.s):00183         * optim: optimizeConsecutiveFunctionArguments
008F CCFFFA           (       terminal.s):00184                 LDD     #$FFFA          constant expression: 65530 decimal, signed
0092 3416             (       terminal.s):00185                 PSHS    X,B,A           C function argument 1 of set_text_size(): int (optim: optimizeConsecutiveFunctionArguments)
0094 BD0000           (       terminal.s):00186                 JSR     _set_text_size
0097 3264             (       terminal.s):00187                 LEAS    4,S
                      (       terminal.s):00188         * Line terminal.c:38: function call: print_str_c()
0099 EC5E             (       terminal.s):00189                 LDD     -2,U            variable i
009B 58               (       terminal.s):00190                 LSLB
009C 49               (       terminal.s):00191                 ROLA
009D 8E0000           (       terminal.s):00192                 LDX     #_terminalContent+0     address of array terminalContent (optim: removePCRIfRelocatabilityNotSupported)
00A0 308B             (       terminal.s):00193                 LEAX    D,X             add offset
00A2 EC84             (       terminal.s):00194                 LDD     ,X              get r-value
00A4 3406             (       terminal.s):00195                 PSHS    B,A             C function argument 3 of print_str_c(): char *
00A6 C688             (       terminal.s):00196                 LDB     #$88            optim: lddToLDB
                      (       terminal.s):00197         * Cast from `int' to byte: result already in B
00A8 1D               (       terminal.s):00198                 SEX                     promoting byte argument to word
00A9 3406             (       terminal.s):00199                 PSHS    B,A             C function argument 2 of print_str_c(): char
00AB EC5E             (       terminal.s):00200                 LDD     -2,U            variable `i', declared at terminal.c:32
00AD 170000           (       terminal.s):00201                 LBSR    MUL16BY10
00B0 3406             (       terminal.s):00202                 PSHS    B,A             operands of subtraction are not both byte-sized
00B2 4F               (       terminal.s):00203                 CLRA
00B3 5F               (       terminal.s):00204                 CLRB
00B4 A3E1             (       terminal.s):00205                 SUBD    ,S++
                      (       terminal.s):00206         * Cast from `int' to byte: result already in B
00B6 1D               (       terminal.s):00207                 SEX                     promoting byte argument to word
00B7 3406             (       terminal.s):00208                 PSHS    B,A             C function argument 1 of print_str_c(): char
00B9 BD0000           (       terminal.s):00209                 JSR     _print_str_c
00BC 3266             (       terminal.s):00210                 LEAS    6,S
     00BE             (       terminal.s):00211         L00044  EQU     *               else clause of if() started at terminal.c:34
                      (       terminal.s):00212         * Useless label L00045 removed
                      (       terminal.s):00213         * Useless label L00041 removed
                      (       terminal.s):00214         * Line terminal.c:32: for increment(s)
00BE EC5E             (       terminal.s):00215                 LDD     -2,U
00C0 C30001           (       terminal.s):00216                 ADDD    #1
00C3 ED5E             (       terminal.s):00217                 STD     -2,U
     00C5             (       terminal.s):00218         L00040  EQU     *
                      (       terminal.s):00219         * Line terminal.c:32: for condition
00C5 EC5E             (       terminal.s):00220                 LDD     -2,U            variable i
00C7 10A38D0000       (       terminal.s):00221                 CMPD    _currentLine+0,PCR      variable currentLine
00CC 2C0A             (       terminal.s):00222                 BGE     L00042           (optim: condBranchOverUncondBranch)
                      (       terminal.s):00223         * optim: condBranchOverUncondBranch
                      (       terminal.s):00224         * Useless label L00046 removed
00CE EC5E             (       terminal.s):00225                 LDD     -2,U            variable i
00D0 1083000A         (       terminal.s):00226                 CMPD    #$0A
00D4 102DFFA6         (       terminal.s):00227                 LBLT    L00039
                      (       terminal.s):00228         * optim: branchToNextLocation
     00D8             (       terminal.s):00229         L00042  EQU     *               end for
                      (       terminal.s):00230         * Useless label L00031 removed
00D8 32C4             (       terminal.s):00231                 LEAS    ,U
00DA 35C0             (       terminal.s):00232                 PULS    U,PC
                      (       terminal.s):00233         * END FUNCTION terminal_render(): defined at terminal.c:30
     00DC             (       terminal.s):00234         funcend_terminal_render EQU *
     006A             (       terminal.s):00235         funcsize_terminal_render        EQU     funcend_terminal_render-_terminal_render
                      (       terminal.s):00236         
                      (       terminal.s):00237         
                      (       terminal.s):00238                 ENDSECTION
                      (       terminal.s):00239         
                      (       terminal.s):00240         
                      (       terminal.s):00241         
                      (       terminal.s):00242         
                      (       terminal.s):00243                 SECTION initgl
                      (       terminal.s):00244         
                      (       terminal.s):00245         
                      (       terminal.s):00246         
                      (       terminal.s):00247         
                      (       terminal.s):00248         *******************************************************************************
                      (       terminal.s):00249         
                      (       terminal.s):00250         * Initialize global variables.
                      (       terminal.s):00251         
                      (       terminal.s):00252         
                      (       terminal.s):00253                 ENDSECTION
                      (       terminal.s):00254         
                      (       terminal.s):00255         
                      (       terminal.s):00256         
                      (       terminal.s):00257         
                      (       terminal.s):00258                 SECTION rodata
                      (       terminal.s):00259         
                      (       terminal.s):00260         
     0000             (       terminal.s):00261         string_literals_start   EQU     *
     0000             (       terminal.s):00262         string_literals_end     EQU     *
                      (       terminal.s):00263         
                      (       terminal.s):00264         
                      (       terminal.s):00265         *******************************************************************************
                      (       terminal.s):00266         
                      (       terminal.s):00267         * READ-ONLY GLOBAL VARIABLES
                      (       terminal.s):00268         
                      (       terminal.s):00269         
                      (       terminal.s):00270                 ENDSECTION
                      (       terminal.s):00271         
                      (       terminal.s):00272         
                      (       terminal.s):00273         
                      (       terminal.s):00274         
                      (       terminal.s):00275         *******************************************************************************
                      (       terminal.s):00276         
                      (       terminal.s):00277         * WRITABLE DATA SECTION
                      (       terminal.s):00278         
                      (       terminal.s):00279         
                      (       terminal.s):00280                 SECTION rwdata
                      (       terminal.s):00281         
                      (       terminal.s):00282         
                      (       terminal.s):00283         * Statically-initialized global variables
     0000             (       terminal.s):00284         _currentLine    EQU     *               currentLine: int: terminal.c:6
0000 0000             (       terminal.s):00285                 FDB     $00             decimal 0
     0002             (       terminal.s):00286         .global.static.variable.currentLine     EQU     *
                      (       terminal.s):00287         * Statically-initialized local static variables
                      (       terminal.s):00288         
                      (       terminal.s):00289         
                      (       terminal.s):00290                 ENDSECTION
                      (       terminal.s):00291         
                      (       terminal.s):00292         
                      (       terminal.s):00293         
                      (       terminal.s):00294         
                      (       terminal.s):00295                 SECTION bss
                      (       terminal.s):00296         
                      (       terminal.s):00297         
     0000             (       terminal.s):00298         bss_start       EQU     *
                      (       terminal.s):00299         * Uninitialized global variables
     0000             (       terminal.s):00300         _terminalContent        EQU     *
0000                  (       terminal.s):00301                 RMB     20              terminalContent: char *[]: terminal.c:5
     0014             (       terminal.s):00302         .global.static.variable.terminalContent EQU     *
                      (       terminal.s):00303         * Uninitialized local static variables
     0014             (       terminal.s):00304         bss_end EQU     *
                      (       terminal.s):00305         
                      (       terminal.s):00306         
                      (       terminal.s):00307                 ENDSECTION
                      (       terminal.s):00308         
                      (       terminal.s):00309         
                      (       terminal.s):00310         
                      (       terminal.s):00311         
                      (       terminal.s):00312         *******************************************************************************
                      (       terminal.s):00313         
                      (       terminal.s):00314         * Importing 4 utility routine(s).
                      (       terminal.s):00315         MUL16BY10       IMPORT
                      (       terminal.s):00316         _print_str_c    IMPORT
                      (       terminal.s):00317         _reset_beam     IMPORT
                      (       terminal.s):00318         _set_text_size  IMPORT
                      (       terminal.s):00319         
                      (       terminal.s):00320         
                      (       terminal.s):00321         *******************************************************************************
                      (       terminal.s):00322         
                      (       terminal.s):00323                 END
